{
    "Laetiporus_sulphureus - fasta": {
        "content": [
            {
                "0": [
                    [
                        {
                            "id": "Laetiporus_sulphureus"
                        },
                        "Laetiporus_sulphureus_filtered.fasta:md5,79788e0e044ef1631248af31eaa6e053"
                    ]
                ],
                "1": [
                    [
                        {
                            "id": "Laetiporus_sulphureus"
                        },
                        "fasta_sanitation.json:md5,c29471077df45e65d68a4404bbe85d47"
                    ]
                ],
                "2": [
                    [
                        {
                            "id": "Laetiporus_sulphureus"
                        },
                        "fasta_length_filtering.json:md5,05829d7544b04b5f1c63bbddf91eaf66"
                    ]
                ],
                "3": [
                    [
                        "AUTOFILTER_SANITISEFASTA",
                        "python",
                        "3.9.1"
                    ]
                ],
                "4": [
                    [
                        "AUTOFILTER_SANITISEFASTA",
                        "sanitise_fasta_headers",
                        "1.3.0"
                    ]
                ],
                "5": [
                    [
                        "AUTOFILTER_SANITISEFASTA",
                        "filter_fasta_by_length",
                        "1.2.0"
                    ]
                ],
                "fasta": [
                    [
                        {
                            "id": "Laetiporus_sulphureus"
                        },
                        "Laetiporus_sulphureus_filtered.fasta:md5,79788e0e044ef1631248af31eaa6e053"
                    ]
                ],
                "length_filtering_log": [
                    [
                        {
                            "id": "Laetiporus_sulphureus"
                        },
                        "fasta_length_filtering.json:md5,05829d7544b04b5f1c63bbddf91eaf66"
                    ]
                ],
                "sanitation_log": [
                    [
                        {
                            "id": "Laetiporus_sulphureus"
                        },
                        "fasta_sanitation.json:md5,c29471077df45e65d68a4404bbe85d47"
                    ]
                ],
                "versions_length": [
                    [
                        "AUTOFILTER_SANITISEFASTA",
                        "filter_fasta_by_length",
                        "1.2.0"
                    ]
                ],
                "versions_python": [
                    [
                        "AUTOFILTER_SANITISEFASTA",
                        "python",
                        "3.9.1"
                    ]
                ],
                "versions_sanitise": [
                    [
                        "AUTOFILTER_SANITISEFASTA",
                        "sanitise_fasta_headers",
                        "1.3.0"
                    ]
                ]
            }
        ],
        "timestamp": "2026-07-08T13:51:50.225590812",
        "meta": {
            "nf-test": "0.9.5",
            "nextflow": "25.10.4"
        }
    },
    "Laetiporus_sulphureus - fasta - stub": {
        "content": [
            {
                "0": [
                    [
                        {
                            "id": "Laetiporus_sulphureus"
                        },
                        "Laetiporus_sulphureus_filtered.fasta:md5,d41d8cd98f00b204e9800998ecf8427e"
                    ]
                ],
                "1": [
                    [
                        {
                            "id": "Laetiporus_sulphureus"
                        },
                        "fasta_sanitation.json:md5,d41d8cd98f00b204e9800998ecf8427e"
                    ]
                ],
                "2": [
                    [
                        {
                            "id": "Laetiporus_sulphureus"
                        },
                        "fasta_length_filtering.json:md5,d41d8cd98f00b204e9800998ecf8427e"
                    ]
                ],
                "3": [
                    [
                        "AUTOFILTER_SANITISEFASTA",
                        "python",
                        "3.9.1"
                    ]
                ],
                "4": [
                    [
                        "AUTOFILTER_SANITISEFASTA",
                        "sanitise_fasta_headers",
                        "1.3.0"
                    ]
                ],
                "5": [
                    [
                        "AUTOFILTER_SANITISEFASTA",
                        "filter_fasta_by_length",
                        "1.2.0"
                    ]
                ],
                "fasta": [
                    [
                        {
                            "id": "Laetiporus_sulphureus"
                        },
                        "Laetiporus_sulphureus_filtered.fasta:md5,d41d8cd98f00b204e9800998ecf8427e"
                    ]
                ],
                "length_filtering_log": [
                    [
                        {
                            "id": "Laetiporus_sulphureus"
                        },
                        "fasta_length_filtering.json:md5,d41d8cd98f00b204e9800998ecf8427e"
                    ]
                ],
                "sanitation_log": [
                    [
                        {
                            "id": "Laetiporus_sulphureus"
                        },
                        "fasta_sanitation.json:md5,d41d8cd98f00b204e9800998ecf8427e"
                    ]
                ],
                "versions_length": [
                    [
                        "AUTOFILTER_SANITISEFASTA",
                        "filter_fasta_by_length",
                        "1.2.0"
                    ]
                ],
                "versions_python": [
                    [
                        "AUTOFILTER_SANITISEFASTA",
                        "python",
                        "3.9.1"
                    ]
                ],
                "versions_sanitise": [
                    [
                        "AUTOFILTER_SANITISEFASTA",
                        "sanitise_fasta_headers",
                        "1.3.0"
                    ]
                ]
            }
        ],
        "timestamp": "2026-07-08T13:52:02.746136978",
        "meta": {
            "nf-test": "0.9.5",
            "nextflow": "25.10.4"
        }
    }
}