{
    "homo_sapiens - fasta - all ancestral odb10": {
        "content": [
            {
                "0": [
                    [
                        {
                            "id": "GCA_000001405.15"
                        },
                        "GCA_000001405.15.busco_odb.csv:md5,915b9bb0fddf7e8d74bab61b9a39ffc9"
                    ]
                ],
                "1": [
                    [
                        "API_SCRIPTS_GET_LINEAGE_ODBS",
                        "python",
                        "3.14.5"
                    ]
                ],
                "2": [
                    [
                        "API_SCRIPTS_GET_LINEAGE_ODBS",
                        "get_odbs.py",
                        "1.3"
                    ]
                ],
                "csv": [
                    [
                        {
                            "id": "GCA_000001405.15"
                        },
                        "GCA_000001405.15.busco_odb.csv:md5,915b9bb0fddf7e8d74bab61b9a39ffc9"
                    ]
                ],
                "versions_get_odb": [
                    [
                        "API_SCRIPTS_GET_LINEAGE_ODBS",
                        "get_odbs.py",
                        "1.3"
                    ]
                ],
                "versions_python": [
                    [
                        "API_SCRIPTS_GET_LINEAGE_ODBS",
                        "python",
                        "3.14.5"
                    ]
                ]
            }
        ],
        "timestamp": "2026-06-02T10:50:36.692961038",
        "meta": {
            "nf-test": "0.9.5",
            "nextflow": "25.10.2"
        }
    },
    "homo_sapiens - fasta - stub": {
        "content": [
            {
                "0": [
                    [
                        {
                            "id": "GCA_000001405.15"
                        },
                        "GCA_000001405.15.busco_odb.csv:md5,d41d8cd98f00b204e9800998ecf8427e"
                    ]
                ],
                "1": [
                    [
                        "API_SCRIPTS_GET_LINEAGE_ODBS",
                        "python",
                        "3.14.5"
                    ]
                ],
                "2": [
                    [
                        "API_SCRIPTS_GET_LINEAGE_ODBS",
                        "get_odbs.py",
                        "1.3"
                    ]
                ],
                "csv": [
                    [
                        {
                            "id": "GCA_000001405.15"
                        },
                        "GCA_000001405.15.busco_odb.csv:md5,d41d8cd98f00b204e9800998ecf8427e"
                    ]
                ],
                "versions_get_odb": [
                    [
                        "API_SCRIPTS_GET_LINEAGE_ODBS",
                        "get_odbs.py",
                        "1.3"
                    ]
                ],
                "versions_python": [
                    [
                        "API_SCRIPTS_GET_LINEAGE_ODBS",
                        "python",
                        "3.14.5"
                    ]
                ]
            }
        ],
        "timestamp": "2026-06-02T10:46:34.304604752",
        "meta": {
            "nf-test": "0.9.5",
            "nextflow": "25.10.2"
        }
    },
    "homo_sapiens - fasta - specific ODB": {
        "content": [
            {
                "0": [
                    [
                        {
                            "id": "GCA_000001405.15"
                        },
                        "GCA_000001405.15.busco_odb.csv:md5,fac5b6239758d55cc86f12bd693ec4f4"
                    ]
                ],
                "1": [
                    [
                        "API_SCRIPTS_GET_LINEAGE_ODBS",
                        "python",
                        "3.14.5"
                    ]
                ],
                "2": [
                    [
                        "API_SCRIPTS_GET_LINEAGE_ODBS",
                        "get_odbs.py",
                        "1.3"
                    ]
                ],
                "csv": [
                    [
                        {
                            "id": "GCA_000001405.15"
                        },
                        "GCA_000001405.15.busco_odb.csv:md5,fac5b6239758d55cc86f12bd693ec4f4"
                    ]
                ],
                "versions_get_odb": [
                    [
                        "API_SCRIPTS_GET_LINEAGE_ODBS",
                        "get_odbs.py",
                        "1.3"
                    ]
                ],
                "versions_python": [
                    [
                        "API_SCRIPTS_GET_LINEAGE_ODBS",
                        "python",
                        "3.14.5"
                    ]
                ]
            }
        ],
        "timestamp": "2026-06-02T10:50:22.966015328",
        "meta": {
            "nf-test": "0.9.5",
            "nextflow": "25.10.2"
        }
    },
    "homo_sapiens - fasta - all ancestral ODBs": {
        "content": [
            {
                "0": [
                    [
                        {
                            "id": "GCA_000001405.15"
                        },
                        "GCA_000001405.15.busco_odb.csv:md5,cb779a9f619724f6b6644891a60b7575"
                    ]
                ],
                "1": [
                    [
                        "API_SCRIPTS_GET_LINEAGE_ODBS",
                        "python",
                        "3.14.5"
                    ]
                ],
                "2": [
                    [
                        "API_SCRIPTS_GET_LINEAGE_ODBS",
                        "get_odbs.py",
                        "1.3"
                    ]
                ],
                "csv": [
                    [
                        {
                            "id": "GCA_000001405.15"
                        },
                        "GCA_000001405.15.busco_odb.csv:md5,cb779a9f619724f6b6644891a60b7575"
                    ]
                ],
                "versions_get_odb": [
                    [
                        "API_SCRIPTS_GET_LINEAGE_ODBS",
                        "get_odbs.py",
                        "1.3"
                    ]
                ],
                "versions_python": [
                    [
                        "API_SCRIPTS_GET_LINEAGE_ODBS",
                        "python",
                        "3.14.5"
                    ]
                ]
            }
        ],
        "timestamp": "2026-06-02T10:50:30.155442967",
        "meta": {
            "nf-test": "0.9.5",
            "nextflow": "25.10.2"
        }
    }
}