{
    "Prairievole HindIII": {
        "content": [
            [
                [
                    {
                        "id": "test"
                    },
                    "test_annotated.bam:md5,e779dee1fda85450170ef6b7561f79a6",
                    "test_annotated.bam.bai:md5,8567363c739d9a492da27112d3ad9651"
                ]
            ],
            [
                [
                    {
                        "id": "test"
                    },
                    "test.pairs.gz:md5,36c9ea0562962bc4b620c634ad6e60c7"
                ]
            ],
            [
                [
                    {
                        "id": "test"
                    },
                    "test.cool:md5,0d66aa53410bf49550e7898e0decdda3"
                ]
            ],
            [
                [
                    {
                        "id": "test"
                    },
                    "test.mcool:md5,0aa18b7037414ac4d77035a43559db35"
                ]
            ],
            [
                [
                    {
                        "id": "test"
                    },
                    "test.pretext:md5,32da4e84351650c52bc514ca92854452"
                ]
            ]
        ],
        "timestamp": "2026-08-07T18:31:31.94864697",
        "meta": {
            "nf-test": "0.9.5",
            "nextflow": "25.10.4"
        }
    }
}