{
    "Cloeon_Dipeterum - split - zipbed": {
        "content": [
            [
                [
                    {
                        "id": "Cloeon_Dipeterum"
                    },
                    "Cloeon_Dipeterum.telomere:md5,543e5ddbee3008d23f7a6d194914470b"
                ]
            ],
            [
                [
                    {
                        "id": "Cloeon_Dipeterum"
                    },
                    "GCA_949628265.1.fasta.gz.fwd.telomere.bed:md5,b5318b4e0219e39538b687a6c3d9a755"
                ]
            ],
            [
                [
                    {
                        "id": "Cloeon_Dipeterum"
                    },
                    "GCA_949628265.1.fasta.gz.rev.telomere.bed:md5,52e81dda4958f5c58ede54219bd78af0"
                ]
            ],
            [
                [
                    {
                        "id": "Cloeon_Dipeterum"
                    },
                    "Cloeon_Dipeterum.fwd.windows:md5,034dd0cdb0bb66aa11440e7faa847216"
                ]
            ],
            [
                [
                    {
                        "id": "Cloeon_Dipeterum"
                    },
                    "Cloeon_Dipeterum.rev.windows:md5,0b153bfd652b784ce0b51dcfd4dee264"
                ]
            ],
            [
                [
                    {
                        "id": "Cloeon_Dipeterum"
                    },
                    "Cloeon_Dipeterum.bed.gz:md5,52e81dda4958f5c58ede54219bd78af0",
                    "Cloeon_Dipeterum.bed.gz.csi:md5,491b39968ed5ef8f1941e31f1b66a970"
                ],
                [
                    {
                        "id": "Cloeon_Dipeterum"
                    },
                    "Cloeon_Dipeterum.bed.gz:md5,b5318b4e0219e39538b687a6c3d9a755",
                    "Cloeon_Dipeterum.bed.gz.csi:md5,a69687f7b568a289479add5c3439cfb3"
                ],
                [
                    {
                        "id": "Cloeon_Dipeterum"
                    },
                    "Cloeon_Dipeterum.windows.gz:md5,034dd0cdb0bb66aa11440e7faa847216",
                    "Cloeon_Dipeterum.windows.gz.csi:md5,0129a5c9511a433c64f46c03aa82022f"
                ],
                [
                    {
                        "id": "Cloeon_Dipeterum"
                    },
                    "Cloeon_Dipeterum.windows.gz:md5,0b153bfd652b784ce0b51dcfd4dee264",
                    "Cloeon_Dipeterum.windows.gz.csi:md5,f4573518a183edc20ef2d626b93c9dde"
                ]
            ]
        ],
        "timestamp": "2026-05-11T18:59:15.911708041",
        "meta": {
            "nf-test": "0.9.5",
            "nextflow": "25.10.4"
        }
    },
    "Cloeon_Dipeterum - no split": {
        "content": [
            [
                [
                    {
                        "id": "Cloeon_Dipeterum"
                    },
                    "Cloeon_Dipeterum.telomere:md5,543e5ddbee3008d23f7a6d194914470b"
                ]
            ],
            [
                [
                    {
                        "id": "Cloeon_Dipeterum"
                    },
                    "GCA_949628265.1.fasta.gz.fwd.telomere.bed:md5,b5318b4e0219e39538b687a6c3d9a755"
                ]
            ],
            [
                [
                    {
                        "id": "Cloeon_Dipeterum"
                    },
                    "GCA_949628265.1.fasta.gz.rev.telomere.bed:md5,52e81dda4958f5c58ede54219bd78af0"
                ]
            ],
            [
                [
                    {
                        "id": "Cloeon_Dipeterum"
                    },
                    "Cloeon_Dipeterum.windows:md5,7e810597b6a6b0091b9bd7c752bf6506"
                ]
            ]
        ],
        "timestamp": "2026-05-11T18:58:35.553524835",
        "meta": {
            "nf-test": "0.9.5",
            "nextflow": "25.10.4"
        }
    }
}