{
    "bam - paired_end stub": {
        "content": [
            {
                "0": [
                    [
                        {
                            "id": "merged",
                            "samples": [
                                
                            ]
                        },
                        "merged.cool:md5,d41d8cd98f00b204e9800998ecf8427e"
                    ]
                ],
                "1": [
                    [
                        {
                            "id": "merged",
                            "samples": [
                                
                            ]
                        },
                        "merged.mcool:md5,d41d8cd98f00b204e9800998ecf8427e"
                    ]
                ],
                "2": [
                    "versions.yml:md5,077497e493f72831c62b191433a77b0c",
                    "versions.yml:md5,077497e493f72831c62b191433a77b0c",
                    "versions.yml:md5,2337015d28db8243ae08414af2eb740f",
                    "versions.yml:md5,267f212c2942a6350b7085f0cb3dc0b5",
                    "versions.yml:md5,284a5fdaa41ce25d92f2628f3d9e257c",
                    "versions.yml:md5,284a5fdaa41ce25d92f2628f3d9e257c",
                    "versions.yml:md5,45d8e0ad7d12cf4bceb49ec2e63a4d17",
                    "versions.yml:md5,52be046bd660202a48a5644c9cd3fbe8",
                    "versions.yml:md5,ce008a425cf87cf8f9e351f617f3e5f3"
                ],
                "mcool": [
                    [
                        {
                            "id": "merged",
                            "samples": [
                                
                            ]
                        },
                        "merged.mcool:md5,d41d8cd98f00b204e9800998ecf8427e"
                    ]
                ],
                "merged_cool": [
                    [
                        {
                            "id": "merged",
                            "samples": [
                                
                            ]
                        },
                        "merged.cool:md5,d41d8cd98f00b204e9800998ecf8427e"
                    ]
                ],
                "versions": [
                    "versions.yml:md5,077497e493f72831c62b191433a77b0c",
                    "versions.yml:md5,077497e493f72831c62b191433a77b0c",
                    "versions.yml:md5,2337015d28db8243ae08414af2eb740f",
                    "versions.yml:md5,267f212c2942a6350b7085f0cb3dc0b5",
                    "versions.yml:md5,284a5fdaa41ce25d92f2628f3d9e257c",
                    "versions.yml:md5,284a5fdaa41ce25d92f2628f3d9e257c",
                    "versions.yml:md5,45d8e0ad7d12cf4bceb49ec2e63a4d17",
                    "versions.yml:md5,52be046bd660202a48a5644c9cd3fbe8",
                    "versions.yml:md5,ce008a425cf87cf8f9e351f617f3e5f3"
                ]
            }
        ],
        "meta": {
            "nf-test": "0.9.2",
            "nextflow": "25.10.0"
        },
        "timestamp": "2025-11-07T19:28:51.522069467"
    }
}