{
    "bam - paired_end stub": {
        "content": [
            {
                "0": [
                    [
                        {
                            "id": "merged",
                            "samples": [
                                
                            ]
                        },
                        "merged.cool:md5,d41d8cd98f00b204e9800998ecf8427e"
                    ]
                ],
                "1": [
                    [
                        {
                            "id": "merged",
                            "samples": [
                                
                            ]
                        },
                        "merged.mcool:md5,d41d8cd98f00b204e9800998ecf8427e"
                    ]
                ],
                "2": [
                    "versions.yml:md5,284a5fdaa41ce25d92f2628f3d9e257c",
                    "versions.yml:md5,284a5fdaa41ce25d92f2628f3d9e257c",
                    "versions.yml:md5,29b73c30d5de8658f2589faa5d377fb1",
                    "versions.yml:md5,4a348e6dcaf86cdee1efd583b0845b30",
                    "versions.yml:md5,7277d71c37ed9f1cdcd65ed210575149",
                    "versions.yml:md5,7277d71c37ed9f1cdcd65ed210575149",
                    "versions.yml:md5,998dfda4b8cae73a1b928d22ba6df4d0",
                    "versions.yml:md5,d0c5678ac4382d6fc7a29951ed815edb",
                    "versions.yml:md5,e33da5954d9db12b7455bc3efdd2a101"
                ],
                "mcool": [
                    [
                        {
                            "id": "merged",
                            "samples": [
                                
                            ]
                        },
                        "merged.mcool:md5,d41d8cd98f00b204e9800998ecf8427e"
                    ]
                ],
                "merged_cool": [
                    [
                        {
                            "id": "merged",
                            "samples": [
                                
                            ]
                        },
                        "merged.cool:md5,d41d8cd98f00b204e9800998ecf8427e"
                    ]
                ],
                "versions": [
                    "versions.yml:md5,284a5fdaa41ce25d92f2628f3d9e257c",
                    "versions.yml:md5,284a5fdaa41ce25d92f2628f3d9e257c",
                    "versions.yml:md5,29b73c30d5de8658f2589faa5d377fb1",
                    "versions.yml:md5,4a348e6dcaf86cdee1efd583b0845b30",
                    "versions.yml:md5,7277d71c37ed9f1cdcd65ed210575149",
                    "versions.yml:md5,7277d71c37ed9f1cdcd65ed210575149",
                    "versions.yml:md5,998dfda4b8cae73a1b928d22ba6df4d0",
                    "versions.yml:md5,d0c5678ac4382d6fc7a29951ed815edb",
                    "versions.yml:md5,e33da5954d9db12b7455bc3efdd2a101"
                ]
            }
        ],
        "meta": {
            "nf-test": "0.9.2",
            "nextflow": "25.10.0"
        },
        "timestamp": "2025-11-10T15:18:40.41974356"
    }
}