{
    "meles meles - no trio - no busco - no fastk": {
        "content": [
            {
                "asmstats": [
                    [
                        {
                            "id": "test_PRIMARY_0_prim_hap",
                            "real_primary": "/test-data/Undibacterium_unclassified/assembly/draft/baUndUnlc1.bp.hap1.p_ctg.fa",
                            "type": "PRIMARY",
                            "hap_id": "test_PRIMARY_0",
                            "pseudo_primary": "/test-data/Undibacterium_unclassified/assembly/draft/baUndUnlc1.bp.hap1.p_ctg.fa",
                            "_hap": "hap1"
                        },
                        "baUndUnlc1.bp.hap1.p_ctg.fa.stats:md5,ab6d9f1909e45552bc0080d882fd7f03"
                    ],
                    [
                        {
                            "id": "test_PRIMARY_0_prim_hap",
                            "real_primary": "/test-data/Undibacterium_unclassified/assembly/draft/baUndUnlc1.bp.hap1.p_ctg.fa",
                            "type": "PRIMARY",
                            "hap_id": "test_PRIMARY_0",
                            "pseudo_primary": "/test-data/Undibacterium_unclassified/assembly/draft/baUndUnlc1.bp.hap1.p_ctg.fa",
                            "_hap": "hap2"
                        },
                        "test_PRIMARY_0_prim_hap.fa.stats:md5,29b440f6e8c28bd13c7bf69b25f7a1fe"
                    ]
                ],
                "busco": [
                    [
                        {
                            "hap_id": "test_PRIMARY_0",
                            "id": "test_PRIMARY_0_prim_hap",
                            "pseudo_primary": "/test-data/Undibacterium_unclassified/assembly/draft/baUndUnlc1.bp.hap1.p_ctg.fa",
                            "real_primary": "/test-data/Undibacterium_unclassified/assembly/draft/baUndUnlc1.bp.hap1.p_ctg.fa",
                            "type": "PRIMARY"
                        },
                        [
                            "short_summary.specific.bacteria_odb12.2.baUndUnlc1.bp.hap1.p_ctg.fa.json",
                            "short_summary.specific.bacteria_odb12.2.baUndUnlc1.bp.hap1.p_ctg.fa.txt",
                            "test_PRIMARY_0_prim_hap-auto-busco",
                            "test_PRIMARY_0_prim_hap-auto-busco.batch_summary.txt",
                            "test_PRIMARY_0_prim_hap-auto-busco.log"
                        ]
                    ]
                ],
                "busco_batch_summary": [
                    [
                        {
                            "hap_id": "test_PRIMARY_0",
                            "id": "test_PRIMARY_0_prim_hap",
                            "pseudo_primary": "/test-data/Undibacterium_unclassified/assembly/draft/baUndUnlc1.bp.hap1.p_ctg.fa",
                            "real_primary": "/test-data/Undibacterium_unclassified/assembly/draft/baUndUnlc1.bp.hap1.p_ctg.fa",
                            "type": "PRIMARY"
                        },
                        "test_PRIMARY_0_prim_hap-auto-busco.batch_summary.txt"
                    ]
                ],
                "busco_directory": [
                    [
                        {
                            "hap_id": "test_PRIMARY_0",
                            "id": "test_PRIMARY_0_prim_hap",
                            "pseudo_primary": "/test-data/Undibacterium_unclassified/assembly/draft/baUndUnlc1.bp.hap1.p_ctg.fa",
                            "real_primary": "/test-data/Undibacterium_unclassified/assembly/draft/baUndUnlc1.bp.hap1.p_ctg.fa",
                            "type": "PRIMARY"
                        },
                        "test_PRIMARY_0_prim_hap-auto-busco"
                    ]
                ],
                "busco_log": [
                    [
                        {
                            "hap_id": "test_PRIMARY_0",
                            "id": "test_PRIMARY_0_prim_hap",
                            "pseudo_primary": "/test-data/Undibacterium_unclassified/assembly/draft/baUndUnlc1.bp.hap1.p_ctg.fa",
                            "real_primary": "/test-data/Undibacterium_unclassified/assembly/draft/baUndUnlc1.bp.hap1.p_ctg.fa",
                            "type": "PRIMARY"
                        },
                        "test_PRIMARY_0_prim_hap-auto-busco.log"
                    ]
                ],
                "busco_summary_json": [
                    [
                        {
                            "hap_id": "test_PRIMARY_0",
                            "id": "test_PRIMARY_0_prim_hap",
                            "pseudo_primary": "/test-data/Undibacterium_unclassified/assembly/draft/baUndUnlc1.bp.hap1.p_ctg.fa",
                            "real_primary": "/test-data/Undibacterium_unclassified/assembly/draft/baUndUnlc1.bp.hap1.p_ctg.fa",
                            "type": "PRIMARY"
                        },
                        "short_summary.specific.bacteria_odb12.2.baUndUnlc1.bp.hap1.p_ctg.fa.json"
                    ]
                ],
                "busco_summary_txt": [
                    [
                        {
                            "hap_id": "test_PRIMARY_0",
                            "id": "test_PRIMARY_0_prim_hap",
                            "pseudo_primary": "/test-data/Undibacterium_unclassified/assembly/draft/baUndUnlc1.bp.hap1.p_ctg.fa",
                            "real_primary": "/test-data/Undibacterium_unclassified/assembly/draft/baUndUnlc1.bp.hap1.p_ctg.fa",
                            "type": "PRIMARY"
                        },
                        "short_summary.specific.bacteria_odb12.2.baUndUnlc1.bp.hap1.p_ctg.fa.txt"
                    ]
                ],
                "cross_hap_collection": [
                    [
                        {
                            "id": "test_PRIMARY_0_prim_hap",
                            "real_primary": "/test-data/Undibacterium_unclassified/assembly/draft/baUndUnlc1.bp.hap1.p_ctg.fa",
                            "type": "PRIMARY",
                            "hap_id": "test_PRIMARY_0"
                        },
                        "/test-data/Undibacterium_unclassified/assembly/draft/baUndUnlc1.bp.hap1.p_ctg.fa",
                        "test_PRIMARY_0_prim_hap.fa:md5,c17f9c13f8106ea7b5999285d7cc33a2"
                    ]
                ],
                "fastkdb": [
                    [
                        {
                            "id": "test"
                        },
                        [
                            "test.hist:md5,f854554e977de1ca4c24b6a789b2bca2"
                        ],
                        [
                            ".test.ktab.1:md5,969444ac2972986a1c9ac07ccf26fda4",
                            ".test.ktab.2:md5,8954c596c95633ee43aabbadb03d8f9f",
                            ".test.ktab.3:md5,a6f9788f133c8a927fd576749552f5d2",
                            ".test.ktab.4:md5,9e9550d252980d012d24095a8c18c005",
                            "test.ktab:md5,16507f451ed7b951e9f3818a2f637101"
                        ]
                    ]
                ],
                "gfstats": [
                    [
                        {
                            "id": "test_PRIMARY_0_prim_hap",
                            "real_primary": "/test-data/Undibacterium_unclassified/assembly/draft/baUndUnlc1.bp.hap1.p_ctg.fa",
                            "type": "PRIMARY",
                            "hap_id": "test_PRIMARY_0",
                            "pseudo_primary": "/test-data/Undibacterium_unclassified/assembly/draft/baUndUnlc1.bp.hap1.p_ctg.fa",
                            "_hap": "hap1"
                        },
                        "baUndUnlc1.bp.hap1.p_ctg.fa.assembly_summary:md5,0fa53662aee8c74fc6720ff4408a08c4"
                    ],
                    [
                        {
                            "id": "test_PRIMARY_0_prim_hap",
                            "real_primary": "/test-data/Undibacterium_unclassified/assembly/draft/baUndUnlc1.bp.hap1.p_ctg.fa",
                            "type": "PRIMARY",
                            "hap_id": "test_PRIMARY_0",
                            "pseudo_primary": "/test-data/Undibacterium_unclassified/assembly/draft/baUndUnlc1.bp.hap1.p_ctg.fa",
                            "_hap": "hap2"
                        },
                        "test_PRIMARY_0_prim_hap.fa.assembly_summary:md5,fdc3d15de68220bb4fdb2066911b56f4"
                    ]
                ],
                "gstats": [
                    [
                        {
                            "id": "test_PRIMARY_0_prim_hap",
                            "real_primary": "/test-data/Undibacterium_unclassified/assembly/draft/baUndUnlc1.bp.hap1.p_ctg.fa",
                            "type": "PRIMARY",
                            "hap_id": "test_PRIMARY_0",
                            "pseudo_primary": "/test-data/Undibacterium_unclassified/assembly/draft/baUndUnlc1.bp.hap1.p_ctg.fa"
                        },
                        [
                            "baUndUnlc1.bp.hap1.p_ctg.fa.assembly_summary:md5,0fa53662aee8c74fc6720ff4408a08c4",
                            "baUndUnlc1.bp.hap1.p_ctg.fa.stats:md5,ab6d9f1909e45552bc0080d882fd7f03",
                            "test_PRIMARY_0_prim_hap.fa.assembly_summary:md5,fdc3d15de68220bb4fdb2066911b56f4",
                            "test_PRIMARY_0_prim_hap.fa.stats:md5,29b440f6e8c28bd13c7bf69b25f7a1fe"
                        ]
                    ]
                ],
                "merqury": [
                    [
                        {
                            "hap_id": "test_PRIMARY_0",
                            "id": "test_PRIMARY_0_prim_hap",
                            "pseudo_primary": "/test-data/Undibacterium_unclassified/assembly/draft/baUndUnlc1.bp.hap1.p_ctg.fa",
                            "real_primary": "/test-data/Undibacterium_unclassified/assembly/draft/baUndUnlc1.bp.hap1.p_ctg.fa",
                            "type": "PRIMARY"
                        },
                        [
                            "test_PRIMARY_0_prim_hap.baUndUnlc1.bp.hap1.p_ctg.spectra-cn.fl.png",
                            "test_PRIMARY_0_prim_hap.baUndUnlc1.bp.hap1.p_ctg.spectra-cn.ln.png",
                            "test_PRIMARY_0_prim_hap.baUndUnlc1.bp.hap1.p_ctg.spectra-cn.st.png",
                            "test_PRIMARY_0_prim_hap.completeness.stats",
                            "test_PRIMARY_0_prim_hap.qv",
                            "test_PRIMARY_0_prim_hap.spectra-asm.fl.png",
                            "test_PRIMARY_0_prim_hap.spectra-asm.ln.png",
                            "test_PRIMARY_0_prim_hap.spectra-asm.st.png",
                            "test_PRIMARY_0_prim_hap.spectra-cn.fl.png",
                            "test_PRIMARY_0_prim_hap.spectra-cn.ln.png",
                            "test_PRIMARY_0_prim_hap.spectra-cn.st.png",
                            "test_PRIMARY_0_prim_hap.test_PRIMARY_0_prim_hap.spectra-cn.fl.png",
                            "test_PRIMARY_0_prim_hap.test_PRIMARY_0_prim_hap.spectra-cn.ln.png",
                            "test_PRIMARY_0_prim_hap.test_PRIMARY_0_prim_hap.spectra-cn.st.png"
                        ]
                    ]
                ],
                "merqury_completeness": [
                    [
                        {
                            "id": "test_PRIMARY_0_prim_hap",
                            "real_primary": "/test-data/Undibacterium_unclassified/assembly/draft/baUndUnlc1.bp.hap1.p_ctg.fa",
                            "type": "PRIMARY",
                            "hap_id": "test_PRIMARY_0",
                            "pseudo_primary": "/test-data/Undibacterium_unclassified/assembly/draft/baUndUnlc1.bp.hap1.p_ctg.fa"
                        },
                        "test_PRIMARY_0_prim_hap.completeness.stats:md5,b53ff92d5065d991adbc116ae347bd6d"
                    ]
                ],
                "merqury_images": [
                    [
                        {
                            "hap_id": "test_PRIMARY_0",
                            "id": "test_PRIMARY_0_prim_hap",
                            "pseudo_primary": "/test-data/Undibacterium_unclassified/assembly/draft/baUndUnlc1.bp.hap1.p_ctg.fa",
                            "real_primary": "/test-data/Undibacterium_unclassified/assembly/draft/baUndUnlc1.bp.hap1.p_ctg.fa",
                            "type": "PRIMARY"
                        },
                        [
                            "test_PRIMARY_0_prim_hap.baUndUnlc1.bp.hap1.p_ctg.spectra-cn.fl.png",
                            "test_PRIMARY_0_prim_hap.baUndUnlc1.bp.hap1.p_ctg.spectra-cn.ln.png",
                            "test_PRIMARY_0_prim_hap.baUndUnlc1.bp.hap1.p_ctg.spectra-cn.st.png",
                            "test_PRIMARY_0_prim_hap.spectra-asm.fl.png",
                            "test_PRIMARY_0_prim_hap.spectra-asm.ln.png",
                            "test_PRIMARY_0_prim_hap.spectra-asm.st.png",
                            "test_PRIMARY_0_prim_hap.spectra-cn.fl.png",
                            "test_PRIMARY_0_prim_hap.spectra-cn.ln.png",
                            "test_PRIMARY_0_prim_hap.spectra-cn.st.png",
                            "test_PRIMARY_0_prim_hap.test_PRIMARY_0_prim_hap.spectra-cn.fl.png",
                            "test_PRIMARY_0_prim_hap.test_PRIMARY_0_prim_hap.spectra-cn.ln.png",
                            "test_PRIMARY_0_prim_hap.test_PRIMARY_0_prim_hap.spectra-cn.st.png"
                        ]
                    ]
                ],
                "merqury_phased_stats": [
                    
                ],
                "merqury_qv": [
                    [
                        {
                            "id": "test_PRIMARY_0_prim_hap",
                            "real_primary": "/test-data/Undibacterium_unclassified/assembly/draft/baUndUnlc1.bp.hap1.p_ctg.fa",
                            "type": "PRIMARY",
                            "hap_id": "test_PRIMARY_0",
                            "pseudo_primary": "/test-data/Undibacterium_unclassified/assembly/draft/baUndUnlc1.bp.hap1.p_ctg.fa"
                        },
                        "test_PRIMARY_0_prim_hap.qv:md5,86750dd9a23b0268f4145a46b88ba51f"
                    ]
                ]
            }
        ],
        "timestamp": "2026-08-13T11:37:51.621274252",
        "meta": {
            "nf-test": "0.9.5",
            "nextflow": "25.10.4"
        }
    }
}