{
    "Undibacterium_unclassified genome [fasta] w/ index": {
        "content": [
            {
                "0": [
                    [
                        {
                            "id": "test"
                        },
                        "test_repeat_density.bigWig:md5,fe21775b423447331bbd41ca7fafd0bf"
                    ]
                ],
                "1": [
                    [
                        {
                            "id": "test"
                        },
                        "test.bed.gz:md5,f51267c295ab15061fd918300d4c5093",
                        "test.bed.gz.tbi:md5,d61ea0f548309595898858e360733b7f"
                    ]
                ],
                "repeat_density": [
                    [
                        {
                            "id": "test"
                        },
                        "test_repeat_density.bigWig:md5,fe21775b423447331bbd41ca7fafd0bf"
                    ]
                ],
                "repeat_density_tabix": [
                    [
                        {
                            "id": "test"
                        },
                        "test.bed.gz:md5,f51267c295ab15061fd918300d4c5093",
                        "test.bed.gz.tbi:md5,d61ea0f548309595898858e360733b7f"
                    ]
                ]
            }
        ],
        "timestamp": "2026-08-04T17:13:23.560049935",
        "meta": {
            "nf-test": "0.9.5",
            "nextflow": "25.10.4"
        }
    },
    "Undibacterium_unclassified genome - stub": {
        "content": [
            {
                "0": [
                    [
                        {
                            "id": "test"
                        },
                        "test_repeat_density.bigWig:md5,d41d8cd98f00b204e9800998ecf8427e"
                    ]
                ],
                "1": [
                    [
                        {
                            "id": "test"
                        },
                        "test.bed.gz:md5,68b329da9893e34099c7d8ad5cb9c940",
                        "test.bed.gz.tbi:md5,d41d8cd98f00b204e9800998ecf8427e"
                    ]
                ],
                "repeat_density": [
                    [
                        {
                            "id": "test"
                        },
                        "test_repeat_density.bigWig:md5,d41d8cd98f00b204e9800998ecf8427e"
                    ]
                ],
                "repeat_density_tabix": [
                    [
                        {
                            "id": "test"
                        },
                        "test.bed.gz:md5,68b329da9893e34099c7d8ad5cb9c940",
                        "test.bed.gz.tbi:md5,d41d8cd98f00b204e9800998ecf8427e"
                    ]
                ]
            }
        ],
        "timestamp": "2026-08-04T17:15:13.712210988",
        "meta": {
            "nf-test": "0.9.5",
            "nextflow": "25.10.4"
        }
    }
}