{
    "Generate Paramsfile": {
        "content": [
            [
                "versions.yml:md5,2bd80e1fa3d1dc57d1c9785d8735311b"
            ],
            [
                "use_work_dir_as_temp",
                "align",
                "fasta",
                "busco_lineages",
                "taxon",
                "taxdump",
                "blastp",
                "blastn",
                "blastx"
            ],
            [
                true,
                true,
                "https://tolit.cog.sanger.ac.uk/test-data/resources/ascc/asccTinyTest_V2/assembly/Pyoeliiyoelii17XNL_assembly_adaptors_hap1.fa",
                "fungi_odb10",
                101012
            ]
        ],
        "meta": {
            "nf-test": "0.9.2",
            "nextflow": "24.04.4"
        },
        "timestamp": "2025-11-04T17:07:55.06402661"
    }
}