{
    "sarscov2 custom_prefix": {
        "content": [
            [
                "versions.yml:md5,783ca3ec3bfd837214d102b08e0b10ed"
            ]
        ],
        "meta": {
            "nf-test": "0.9.1",
            "nextflow": "24.04.4"
        },
        "timestamp": "2024-10-23T14:23:16.721484"
    },
    "sarscov2 single-end [fastq] - stub": {
        "content": [
            {
                "0": [
                    [
                        {
                            "id": "test",
                            "single_end": true
                        },
                        "test.html:md5,d41d8cd98f00b204e9800998ecf8427e"
                    ]
                ],
                "1": [
                    [
                        {
                            "id": "test",
                            "single_end": true
                        },
                        "test.zip:md5,d41d8cd98f00b204e9800998ecf8427e"
                    ]
                ],
                "2": [
                    "versions.yml:md5,783ca3ec3bfd837214d102b08e0b10ed"
                ],
                "html": [
                    [
                        {
                            "id": "test",
                            "single_end": true
                        },
                        "test.html:md5,d41d8cd98f00b204e9800998ecf8427e"
                    ]
                ],
                "versions": [
                    "versions.yml:md5,783ca3ec3bfd837214d102b08e0b10ed"
                ],
                "zip": [
                    [
                        {
                            "id": "test",
                            "single_end": true
                        },
                        "test.zip:md5,d41d8cd98f00b204e9800998ecf8427e"
                    ]
                ]
            }
        ],
        "meta": {
            "nf-test": "0.9.1",
            "nextflow": "24.04.4"
        },
        "timestamp": "2024-10-23T14:23:22.570715"
    },
    "sarscov2 custom_prefix - stub": {
        "content": [
            {
                "0": [
                    [
                        {
                            "id": "mysample",
                            "single_end": true
                        },
                        "mysample.html:md5,d41d8cd98f00b204e9800998ecf8427e"
                    ]
                ],
                "1": [
                    [
                        {
                            "id": "mysample",
                            "single_end": true
                        },
                        "mysample.zip:md5,d41d8cd98f00b204e9800998ecf8427e"
                    ]
                ],
                "2": [
                    "versions.yml:md5,783ca3ec3bfd837214d102b08e0b10ed"
                ],
                "html": [
                    [
                        {
                            "id": "mysample",
                            "single_end": true
                        },
                        "mysample.html:md5,d41d8cd98f00b204e9800998ecf8427e"
                    ]
                ],
                "versions": [
                    "versions.yml:md5,783ca3ec3bfd837214d102b08e0b10ed"
                ],
                "zip": [
                    [
                        {
                            "id": "mysample",
                            "single_end": true
                        },
                        "mysample.zip:md5,d41d8cd98f00b204e9800998ecf8427e"
                    ]
                ]
            }
        ],
        "meta": {
            "nf-test": "0.9.1",
            "nextflow": "24.04.4"
        },
        "timestamp": "2024-10-23T14:23:46.815971"
    },
    "sarscov2 interleaved [fastq]": {
        "content": [
            [
                "versions.yml:md5,783ca3ec3bfd837214d102b08e0b10ed"
            ]
        ],
        "meta": {
            "nf-test": "0.9.1",
            "nextflow": "24.04.4"
        },
        "timestamp": "2024-10-23T14:22:53.225952"
    },
    "sarscov2 paired-end [bam]": {
        "content": [
            [
                "versions.yml:md5,783ca3ec3bfd837214d102b08e0b10ed"
            ]
        ],
        "meta": {
            "nf-test": "0.9.1",
            "nextflow": "24.04.4"
        },
        "timestamp": "2024-10-23T14:22:59.867297"
    },
    "sarscov2 multiple [fastq]": {
        "content": [
            [
                "versions.yml:md5,783ca3ec3bfd837214d102b08e0b10ed"
            ]
        ],
        "meta": {
            "nf-test": "0.9.1",
            "nextflow": "24.04.4"
        },
        "timestamp": "2024-10-23T14:23:10.073731"
    },
    "sarscov2 paired-end [fastq]": {
        "content": [
            [
                "versions.yml:md5,783ca3ec3bfd837214d102b08e0b10ed"
            ]
        ],
        "meta": {
            "nf-test": "0.9.1",
            "nextflow": "24.04.4"
        },
        "timestamp": "2024-10-23T14:22:46.906379"
    },
    "sarscov2 paired-end [fastq] - stub": {
        "content": [
            {
                "0": [
                    [
                        {
                            "id": "test",
                            "single_end": false
                        },
                        "test.html:md5,d41d8cd98f00b204e9800998ecf8427e"
                    ]
                ],
                "1": [
                    [
                        {
                            "id": "test",
                            "single_end": false
                        },
                        "test.zip:md5,d41d8cd98f00b204e9800998ecf8427e"
                    ]
                ],
                "2": [
                    "versions.yml:md5,783ca3ec3bfd837214d102b08e0b10ed"
                ],
                "html": [
                    [
                        {
                            "id": "test",
                            "single_end": false
                        },
                        "test.html:md5,d41d8cd98f00b204e9800998ecf8427e"
                    ]
                ],
                "versions": [
                    "versions.yml:md5,783ca3ec3bfd837214d102b08e0b10ed"
                ],
                "zip": [
                    [
                        {
                            "id": "test",
                            "single_end": false
                        },
                        "test.zip:md5,d41d8cd98f00b204e9800998ecf8427e"
                    ]
                ]
            }
        ],
        "meta": {
            "nf-test": "0.9.1",
            "nextflow": "24.04.4"
        },
        "timestamp": "2024-10-23T14:23:26.994593"
    },
    "sarscov2 multiple [fastq] - stub": {
        "content": [
            {
                "0": [
                    [
                        {
                            "id": "test",
                            "single_end": false
                        },
                        "test.html:md5,d41d8cd98f00b204e9800998ecf8427e"
                    ]
                ],
                "1": [
                    [
                        {
                            "id": "test",
                            "single_end": false
                        },
                        "test.zip:md5,d41d8cd98f00b204e9800998ecf8427e"
                    ]
                ],
                "2": [
                    "versions.yml:md5,783ca3ec3bfd837214d102b08e0b10ed"
                ],
                "html": [
                    [
                        {
                            "id": "test",
                            "single_end": false
                        },
                        "test.html:md5,d41d8cd98f00b204e9800998ecf8427e"
                    ]
                ],
                "versions": [
                    "versions.yml:md5,783ca3ec3bfd837214d102b08e0b10ed"
                ],
                "zip": [
                    [
                        {
                            "id": "test",
                            "single_end": false
                        },
                        "test.zip:md5,d41d8cd98f00b204e9800998ecf8427e"
                    ]
                ]
            }
        ],
        "meta": {
            "nf-test": "0.9.1",
            "nextflow": "24.04.4"
        },
        "timestamp": "2024-10-23T14:23:42.677395"
    },
    "sarscov2 single-end [fastq]": {
        "content": [
            [
                "versions.yml:md5,783ca3ec3bfd837214d102b08e0b10ed"
            ]
        ],
        "meta": {
            "nf-test": "0.9.1",
            "nextflow": "24.04.4"
        },
        "timestamp": "2024-10-23T14:22:38.924564"
    },
    "sarscov2 interleaved [fastq] - stub": {
        "content": [
            {
                "0": [
                    [
                        {
                            "id": "test",
                            "single_end": false
                        },
                        "test.html:md5,d41d8cd98f00b204e9800998ecf8427e"
                    ]
                ],
                "1": [
                    [
                        {
                            "id": "test",
                            "single_end": false
                        },
                        "test.zip:md5,d41d8cd98f00b204e9800998ecf8427e"
                    ]
                ],
                "2": [
                    "versions.yml:md5,783ca3ec3bfd837214d102b08e0b10ed"
                ],
                "html": [
                    [
                        {
                            "id": "test",
                            "single_end": false
                        },
                        "test.html:md5,d41d8cd98f00b204e9800998ecf8427e"
                    ]
                ],
                "versions": [
                    "versions.yml:md5,783ca3ec3bfd837214d102b08e0b10ed"
                ],
                "zip": [
                    [
                        {
                            "id": "test",
                            "single_end": false
                        },
                        "test.zip:md5,d41d8cd98f00b204e9800998ecf8427e"
                    ]
                ]
            }
        ],
        "meta": {
            "nf-test": "0.9.1",
            "nextflow": "24.04.4"
        },
        "timestamp": "2024-10-23T14:23:31.118682"
    },
    "sarscov2 paired-end [bam] - stub": {
        "content": [
            {
                "0": [
                    [
                        {
                            "id": "test",
                            "single_end": false
                        },
                        "test.html:md5,d41d8cd98f00b204e9800998ecf8427e"
                    ]
                ],
                "1": [
                    [
                        {
                            "id": "test",
                            "single_end": false
                        },
                        "test.zip:md5,d41d8cd98f00b204e9800998ecf8427e"
                    ]
                ],
                "2": [
                    "versions.yml:md5,783ca3ec3bfd837214d102b08e0b10ed"
                ],
                "html": [
                    [
                        {
                            "id": "test",
                            "single_end": false
                        },
                        "test.html:md5,d41d8cd98f00b204e9800998ecf8427e"
                    ]
                ],
                "versions": [
                    "versions.yml:md5,783ca3ec3bfd837214d102b08e0b10ed"
                ],
                "zip": [
                    [
                        {
                            "id": "test",
                            "single_end": false
                        },
                        "test.zip:md5,d41d8cd98f00b204e9800998ecf8427e"
                    ]
                ]
            }
        ],
        "meta": {
            "nf-test": "0.9.1",
            "nextflow": "24.04.4"
        },
        "timestamp": "2024-10-23T14:23:37.011716"
    }
}
