{
    "baUndUnlc1 - hifi read fasta": {
        "content": [
            [
                "test.bigWig"
            ],
            [
                "test.bedgraph"
            ]
        ],
        "meta": {
            "nf-test": "0.9.2",
            "nextflow": "25.10.4"
        },
        "timestamp": "2026-04-30T11:04:16.032293896"
    },
    "Escherichia - ont read fastq": {
        "content": [
            [
                "test.bigWig"
            ],
            [
                "test.bedgraph"
            ]
        ],
        "meta": {
            "nf-test": "0.9.2",
            "nextflow": "25.10.4"
        },
        "timestamp": "2026-04-30T11:01:47.98422878"
    },
    "Escherichia - illumina read fastq optional bedgraph": {
        "content": [
            [
                "test.bigWig"
            ]
        ],
        "meta": {
            "nf-test": "0.9.2",
            "nextflow": "25.10.4"
        },
        "timestamp": "2026-04-30T11:03:04.971288906"
    }
}