{
    "grTriPseu1": {
        "content": [
            {
                "0": [
                    [
                        {
                            "id": "test"
                        },
                        "test.gap.bedgraph:md5,d41d8cd98f00b204e9800998ecf8427e"
                    ]
                ],
                "1": [
                    [
                        {
                            "id": "test"
                        },
                        "test.bigWig:md5,3f66a9152d793a62f877b733c2336dfd"
                    ]
                ],
                "2": [
                    [
                        {
                            "id": "test"
                        },
                        "grTriPseu1.fa.fwd.telomere.bed:md5,e0d02391507104b4e5d8016a665f72b1"
                    ],
                    [
                        {
                            "id": "test"
                        },
                        "grTriPseu1.fa.rev.telomere.bed:md5,e2660736a018faaf9a6d4b77b43f347f"
                    ],
                    [
                        {
                            "id": "test"
                        },
                        "test.telomere:md5,2c6abfa011e0542306885a130e52e89c"
                    ]
                ],
                "3": [
                    
                ],
                "coverage_file": [
                    
                ],
                "gap_file": [
                    [
                        {
                            "id": "test"
                        },
                        "test.gap.bedgraph:md5,d41d8cd98f00b204e9800998ecf8427e"
                    ]
                ],
                "repeat_file": [
                    [
                        {
                            "id": "test"
                        },
                        "test.bigWig:md5,3f66a9152d793a62f877b733c2336dfd"
                    ]
                ],
                "telo_file": [
                    [
                        {
                            "id": "test"
                        },
                        "grTriPseu1.fa.fwd.telomere.bed:md5,e0d02391507104b4e5d8016a665f72b1"
                    ],
                    [
                        {
                            "id": "test"
                        },
                        "grTriPseu1.fa.rev.telomere.bed:md5,e2660736a018faaf9a6d4b77b43f347f"
                    ],
                    [
                        {
                            "id": "test"
                        },
                        "test.telomere:md5,2c6abfa011e0542306885a130e52e89c"
                    ]
                ]
            }
        ],
        "timestamp": "2026-07-30T11:01:43.406922321",
        "meta": {
            "nf-test": "0.9.5",
            "nextflow": "25.10.4"
        }
    },
    "Escherichia_coli": {
        "content": [
            {
                "0": [
                    [
                        {
                            "id": "test"
                        },
                        "test.gap.bedgraph:md5,d41d8cd98f00b204e9800998ecf8427e"
                    ]
                ],
                "1": [
                    
                ],
                "2": [
                    [
                        {
                            "id": "test"
                        },
                        "genome.fasta.fwd.telomere.bed:md5,af1c41c4c9b5a9dccc58d223b063acd0"
                    ],
                    [
                        {
                            "id": "test"
                        },
                        "genome.fasta.rev.telomere.bed:md5,0c752b48892d877a9a7537d71f0c4433"
                    ],
                    [
                        {
                            "id": "test"
                        },
                        "test.telomere:md5,617bcfa939142935bf3e57cb77fbcf9c"
                    ]
                ],
                "3": [
                    
                ],
                "coverage_file": [
                    
                ],
                "gap_file": [
                    [
                        {
                            "id": "test"
                        },
                        "test.gap.bedgraph:md5,d41d8cd98f00b204e9800998ecf8427e"
                    ]
                ],
                "repeat_file": [
                    
                ],
                "telo_file": [
                    [
                        {
                            "id": "test"
                        },
                        "genome.fasta.fwd.telomere.bed:md5,af1c41c4c9b5a9dccc58d223b063acd0"
                    ],
                    [
                        {
                            "id": "test"
                        },
                        "genome.fasta.rev.telomere.bed:md5,0c752b48892d877a9a7537d71f0c4433"
                    ],
                    [
                        {
                            "id": "test"
                        },
                        "test.telomere:md5,617bcfa939142935bf3e57cb77fbcf9c"
                    ]
                ]
            }
        ],
        "timestamp": "2026-07-30T12:01:39.786850026",
        "meta": {
            "nf-test": "0.9.5",
            "nextflow": "25.10.4"
        }
    }
}