{
    "GCA_963859965.1 - tsv": {
        "content": [
            {
                "0": [
                    [
                        {
                            "id": "test-full-table"
                        },
                        "test-full-table_lepidoptera_complete_location.tsv:md5,92a2d60e7a66edeb5070e3d982a53193"
                    ]
                ],
                "1": [
                    [
                        {
                            "id": "test-full-table"
                        },
                        "test-full-table_lepidoptera_duplicated_location.tsv:md5,23301496a69958b2b64d30df982ca2df"
                    ]
                ],
                "2": [
                    [
                        {
                            "id": "test-full-table"
                        },
                        "test-full-table_lepidoptera_summary.tsv:md5,16931cc78cc8506863b360e149d81111"
                    ]
                ],
                "3": [
                    [
                        "ANCESTRAL_EXTRACT",
                        "python",
                        "Python 3.12.11"
                    ]
                ],
                "4": [
                    [
                        "ANCESTRAL_EXTRACT",
                        "buscopainter.py",
                        "1.1"
                    ]
                ],
                "comp_location": [
                    [
                        {
                            "id": "test-full-table"
                        },
                        "test-full-table_lepidoptera_complete_location.tsv:md5,92a2d60e7a66edeb5070e3d982a53193"
                    ]
                ],
                "dup_location": [
                    [
                        {
                            "id": "test-full-table"
                        },
                        "test-full-table_lepidoptera_duplicated_location.tsv:md5,23301496a69958b2b64d30df982ca2df"
                    ]
                ],
                "summary": [
                    [
                        {
                            "id": "test-full-table"
                        },
                        "test-full-table_lepidoptera_summary.tsv:md5,16931cc78cc8506863b360e149d81111"
                    ]
                ],
                "versions_buscopainter": [
                    [
                        "ANCESTRAL_EXTRACT",
                        "buscopainter.py",
                        "1.1"
                    ]
                ],
                "versions_python": [
                    [
                        "ANCESTRAL_EXTRACT",
                        "python",
                        "Python 3.12.11"
                    ]
                ]
            }
        ],
        "timestamp": "2026-03-20T13:46:52.053928",
        "meta": {
            "nf-test": "0.9.4",
            "nextflow": "25.10.4"
        }
    },
    "GCA_963859965.1 - tsv- stub": {
        "content": [
            {
                "0": [
                    [
                        {
                            "id": "test-full-table"
                        },
                        "test-full-table_lepidoptera_complete_location.tsv:md5,d41d8cd98f00b204e9800998ecf8427e"
                    ]
                ],
                "1": [
                    [
                        {
                            "id": "test-full-table"
                        },
                        "test-full-table_lepidoptera_duplicated_location.tsv:md5,d41d8cd98f00b204e9800998ecf8427e"
                    ]
                ],
                "2": [
                    [
                        {
                            "id": "test-full-table"
                        },
                        "test-full-table_lepidoptera_summary.tsv:md5,d41d8cd98f00b204e9800998ecf8427e"
                    ]
                ],
                "3": [
                    [
                        "ANCESTRAL_EXTRACT",
                        "python",
                        "Python 3.12.11"
                    ]
                ],
                "4": [
                    [
                        "ANCESTRAL_EXTRACT",
                        "buscopainter.py",
                        "1.1"
                    ]
                ],
                "comp_location": [
                    [
                        {
                            "id": "test-full-table"
                        },
                        "test-full-table_lepidoptera_complete_location.tsv:md5,d41d8cd98f00b204e9800998ecf8427e"
                    ]
                ],
                "dup_location": [
                    [
                        {
                            "id": "test-full-table"
                        },
                        "test-full-table_lepidoptera_duplicated_location.tsv:md5,d41d8cd98f00b204e9800998ecf8427e"
                    ]
                ],
                "summary": [
                    [
                        {
                            "id": "test-full-table"
                        },
                        "test-full-table_lepidoptera_summary.tsv:md5,d41d8cd98f00b204e9800998ecf8427e"
                    ]
                ],
                "versions_buscopainter": [
                    [
                        "ANCESTRAL_EXTRACT",
                        "buscopainter.py",
                        "1.1"
                    ]
                ],
                "versions_python": [
                    [
                        "ANCESTRAL_EXTRACT",
                        "python",
                        "Python 3.12.11"
                    ]
                ]
            }
        ],
        "timestamp": "2026-03-20T13:46:56.25885",
        "meta": {
            "nf-test": "0.9.4",
            "nextflow": "25.10.4"
        }
    }
}