{
    "stub": {
        "content": [
            {
                "0": [
                    [
                        {
                            "id": "test"
                        },
                        "test_HindIII.fastq.gz:md5,68b329da9893e34099c7d8ad5cb9c940"
                    ]
                ],
                "1": [
                    [
                        "LONGC_DIGESTREADS",
                        "python",
                        "3.14.6"
                    ]
                ],
                "2": [
                    [
                        "LONGC_DIGESTREADS",
                        "digest_reads.py",
                        "1.0.0"
                    ]
                ],
                "3": [
                    [
                        "LONGC_DIGESTREADS",
                        "samtools",
                        "samtools,1.23.1"
                    ]
                ],
                "digested_reads": [
                    [
                        {
                            "id": "test"
                        },
                        "test_HindIII.fastq.gz:md5,68b329da9893e34099c7d8ad5cb9c940"
                    ]
                ],
                "versions_digest_reads": [
                    [
                        "LONGC_DIGESTREADS",
                        "digest_reads.py",
                        "1.0.0"
                    ]
                ],
                "versions_python": [
                    [
                        "LONGC_DIGESTREADS",
                        "python",
                        "3.14.6"
                    ]
                ],
                "versions_samtools": [
                    [
                        "LONGC_DIGESTREADS",
                        "samtools",
                        "samtools,1.23.1"
                    ]
                ]
            }
        ],
        "timestamp": "2026-07-06T15:03:57.413389166",
        "meta": {
            "nf-test": "0.9.5",
            "nextflow": "25.10.4"
        }
    },
    "fastq": {
        "content": [
            {
                "0": [
                    [
                        {
                            "id": "test"
                        },
                        "test_HindIII.fastq.gz:md5,b5197b4c3a5121d76680cc39df162c24"
                    ]
                ],
                "1": [
                    [
                        "LONGC_DIGESTREADS",
                        "python",
                        "3.14.6"
                    ]
                ],
                "2": [
                    [
                        "LONGC_DIGESTREADS",
                        "digest_reads.py",
                        "1.0.0"
                    ]
                ],
                "3": [
                    [
                        "LONGC_DIGESTREADS",
                        "samtools",
                        "samtools,1.23.1"
                    ]
                ],
                "digested_reads": [
                    [
                        {
                            "id": "test"
                        },
                        "test_HindIII.fastq.gz:md5,b5197b4c3a5121d76680cc39df162c24"
                    ]
                ],
                "versions_digest_reads": [
                    [
                        "LONGC_DIGESTREADS",
                        "digest_reads.py",
                        "1.0.0"
                    ]
                ],
                "versions_python": [
                    [
                        "LONGC_DIGESTREADS",
                        "python",
                        "3.14.6"
                    ]
                ],
                "versions_samtools": [
                    [
                        "LONGC_DIGESTREADS",
                        "samtools",
                        "samtools,1.23.1"
                    ]
                ]
            }
        ],
        "timestamp": "2026-07-06T15:01:37.281059378",
        "meta": {
            "nf-test": "0.9.5",
            "nextflow": "25.10.4"
        }
    },
    "bam": {
        "content": [
            {
                "0": [
                    [
                        {
                            "id": "test"
                        },
                        "test_HindIII.fastq.gz:md5,b5197b4c3a5121d76680cc39df162c24"
                    ]
                ],
                "1": [
                    [
                        "LONGC_DIGESTREADS",
                        "python",
                        "3.14.6"
                    ]
                ],
                "2": [
                    [
                        "LONGC_DIGESTREADS",
                        "digest_reads.py",
                        "1.0.0"
                    ]
                ],
                "3": [
                    [
                        "LONGC_DIGESTREADS",
                        "samtools",
                        "samtools,1.23.1"
                    ]
                ],
                "digested_reads": [
                    [
                        {
                            "id": "test"
                        },
                        "test_HindIII.fastq.gz:md5,b5197b4c3a5121d76680cc39df162c24"
                    ]
                ],
                "versions_digest_reads": [
                    [
                        "LONGC_DIGESTREADS",
                        "digest_reads.py",
                        "1.0.0"
                    ]
                ],
                "versions_python": [
                    [
                        "LONGC_DIGESTREADS",
                        "python",
                        "3.14.6"
                    ]
                ],
                "versions_samtools": [
                    [
                        "LONGC_DIGESTREADS",
                        "samtools",
                        "samtools,1.23.1"
                    ]
                ]
            }
        ],
        "timestamp": "2026-07-06T15:02:23.870334759",
        "meta": {
            "nf-test": "0.9.5",
            "nextflow": "25.10.4"
        }
    }
}