{
    "GCA_963859965.1 - fasta - stub": {
        "content": [
            [
                [
                    {
                        "id": "Cloeon_Dipeterum"
                    },
                    "Cloeon_Dipeterum.telomere:md5,f50b84b1db4b83ba62ec1deacc69c260"
                ]
            ],
            [
                [
                    {
                        "id": "Cloeon_Dipeterum"
                    },
                    "Cloeon_Dipeterum.telomere.bed:md5,f50b84b1db4b83ba62ec1deacc69c260"
                ]
            ],
            [
                [
                    "Cloeon_Dipeterum",
                    "Cloeon_Dipeterum.windows"
                ]
            ],
            {
                "versions_find_telomere": [
                    [
                        "TELOMERE_FINDTELOMERE",
                        "find_telomere",
                        "0.0.4"
                    ]
                ],
                "versions_java": [
                    [
                        "TELOMERE_FINDTELOMERE",
                        "java",
                        "17.0"
                    ]
                ]
            }
        ],
        "timestamp": "2026-09-25T10:45:49.392326791",
        "meta": {
            "nf-test": "0.9.5",
            "nextflow": "25.10.4"
        }
    },
    "GCA_963859965.1 - fasta - split": {
        "content": [
            [
                [
                    {
                        "id": "Cloeon_Dipeterum"
                    },
                    "Cloeon_Dipeterum.telomere:md5,543e5ddbee3008d23f7a6d194914470b"
                ]
            ],
            [
                [
                    {
                        "id": "Cloeon_Dipeterum"
                    },
                    "Cloeon_Dipeterum.telomere.bed:md5,0511f505323a5a29793f1bc68b64e899"
                ]
            ],
            [
                [
                    {
                        "id": "Cloeon_Dipeterum"
                    },
                    "Cloeon_Dipeterum.fwd.telomere.bed:md5,1a2b71656cf56d3fbe89deeb76ee3e00"
                ]
            ],
            [
                [
                    {
                        "id": "Cloeon_Dipeterum"
                    },
                    "Cloeon_Dipeterum.rev.telomere.bed:md5,59f063d6602bded0caad9700114755ed"
                ]
            ],
            [
                [
                    "Cloeon_Dipeterum",
                    "Cloeon_Dipeterum.windows"
                ]
            ],
            [
                [
                    "Cloeon_Dipeterum",
                    "Cloeon_Dipeterum.fwd.windows"
                ]
            ],
            [
                [
                    "Cloeon_Dipeterum",
                    "Cloeon_Dipeterum.rev.windows"
                ]
            ],
            {
                "versions_find_telomere": [
                    [
                        "TELOMERE_FINDTELOMERE",
                        "find_telomere",
                        "0.0.4"
                    ]
                ],
                "versions_java": [
                    [
                        "TELOMERE_FINDTELOMERE",
                        "java",
                        "17.0"
                    ]
                ]
            }
        ],
        "timestamp": "2026-09-25T10:45:41.386551138",
        "meta": {
            "nf-test": "0.9.5",
            "nextflow": "25.10.4"
        }
    },
    "GCA_963859965.1 - fasta - no split": {
        "content": [
            [
                [
                    {
                        "id": "Cloeon_Dipeterum"
                    },
                    "Cloeon_Dipeterum.telomere:md5,543e5ddbee3008d23f7a6d194914470b"
                ]
            ],
            [
                [
                    {
                        "id": "Cloeon_Dipeterum"
                    },
                    "Cloeon_Dipeterum.telomere.bed:md5,0511f505323a5a29793f1bc68b64e899"
                ]
            ],
            [
                [
                    "Cloeon_Dipeterum",
                    "Cloeon_Dipeterum.windows"
                ]
            ],
            {
                "versions_find_telomere": [
                    [
                        "TELOMERE_FINDTELOMERE",
                        "find_telomere",
                        "0.0.4"
                    ]
                ],
                "versions_java": [
                    [
                        "TELOMERE_FINDTELOMERE",
                        "java",
                        "17.0"
                    ]
                ]
            }
        ],
        "timestamp": "2026-09-25T10:45:27.945423768",
        "meta": {
            "nf-test": "0.9.5",
            "nextflow": "25.10.4"
        }
    }
}