{
    "gfAmaRube1 - bin - stub": {
        "content": [
            {
                "0": [
                    [
                        {
                            "id": "test"
                        },
                        "test_alignment.pairs.gz:md5,68b329da9893e34099c7d8ad5cb9c940"
                    ]
                ],
                "1": [
                    [
                        "PRETEXT_MAKEPAIRS",
                        "pretext_makepairs",
                        "1.0.0"
                    ]
                ],
                "pairs": [
                    [
                        {
                            "id": "test"
                        },
                        "test_alignment.pairs.gz:md5,68b329da9893e34099c7d8ad5cb9c940"
                    ]
                ],
                "versions_pretext_makepairs": [
                    [
                        "PRETEXT_MAKEPAIRS",
                        "pretext_makepairs",
                        "1.0.0"
                    ]
                ]
            }
        ],
        "timestamp": "2026-06-08T22:27:02.715399238",
        "meta": {
            "nf-test": "0.9.5",
            "nextflow": "25.10.4"
        }
    },
    "gfAmaRube1 - bin": {
        "content": [
            {
                "0": [
                    [
                        {
                            "id": "test"
                        },
                        "test_alignment.pairs.gz:md5,a79cff0b32469f85083b04af1e3b6d79"
                    ]
                ],
                "1": [
                    [
                        "PRETEXT_MAKEPAIRS",
                        "pretext_makepairs",
                        "1.0.0"
                    ]
                ],
                "pairs": [
                    [
                        {
                            "id": "test"
                        },
                        "test_alignment.pairs.gz:md5,a79cff0b32469f85083b04af1e3b6d79"
                    ]
                ],
                "versions_pretext_makepairs": [
                    [
                        "PRETEXT_MAKEPAIRS",
                        "pretext_makepairs",
                        "1.0.0"
                    ]
                ]
            }
        ],
        "timestamp": "2026-06-08T22:26:48.332853372",
        "meta": {
            "nf-test": "0.9.5",
            "nextflow": "25.10.4"
        }
    }
}