{
    "meles meles - no trio - no fastk": {
        "content": [
            [
                [
                    {
                        "id": "test",
                        "_hap": "hap1"
                    },
                    "GCA_963859965.1.fasta.gz.stats:md5,27e0c97332ed50fbae78572581db1b56"
                ],
                [
                    {
                        "id": "test",
                        "_hap": "hap2"
                    },
                    "GCA_963859975.1_alt.fasta.gz.stats:md5,bf5abf082c028eee5fbae15da09d9100"
                ]
            ],
            [
                [
                    {
                        "id": "test",
                        "_hap": "hap1"
                    },
                    "test.assembly_summary:md5,03bd6448d99f284cee9224e932c26336"
                ],
                [
                    {
                        "id": "test",
                        "_hap": "hap2"
                    },
                    "test.assembly_summary:md5,36a8cadec7d7dfd1ec7a922261cf95be"
                ]
            ],
            [
                
            ],
            [
                
            ],
            [
                
            ],
            [
                
            ],
            [
                "versions.yml:md5,09622cb9d9239872f0aa737cff7a2d5f",
                "versions.yml:md5,09622cb9d9239872f0aa737cff7a2d5f",
                "versions.yml:md5,ae8574670b9067c621698ce70bdfac49",
                "versions.yml:md5,ae8574670b9067c621698ce70bdfac49",
                "versions.yml:md5,e162b266a7bfe9ab0ae9716e929feb36",
                "versions.yml:md5,e162b266a7bfe9ab0ae9716e929feb36"
            ]
        ],
        "meta": {
            "nf-test": "0.9.2",
            "nextflow": "25.04.3"
        },
        "timestamp": "2025-09-02T12:22:29.99745606"
    },
    "meles meles - no trio - fastk": {
        "content": [
            [
                [
                    {
                        "id": "test",
                        "_hap": "hap1"
                    },
                    "GCA_963859965.1.fasta.gz.stats:md5,27e0c97332ed50fbae78572581db1b56"
                ],
                [
                    {
                        "id": "test",
                        "_hap": "hap2"
                    },
                    "GCA_963859975.1_alt.fasta.gz.stats:md5,bf5abf082c028eee5fbae15da09d9100"
                ]
            ],
            [
                [
                    {
                        "id": "test",
                        "_hap": "hap1"
                    },
                    "test.assembly_summary:md5,03bd6448d99f284cee9224e932c26336"
                ],
                [
                    {
                        "id": "test",
                        "_hap": "hap2"
                    },
                    "test.assembly_summary:md5,36a8cadec7d7dfd1ec7a922261cf95be"
                ]
            ],
            [
                [
                    {
                        "id": "test"
                    },
                    "test.qv:md5,2ad445619abaea809f86268872c1bdae"
                ]
            ],
            [
                [
                    {
                        "id": "test"
                    },
                    "test.completeness.stats:md5,4499c462a6cae00678eefdeb898e8513"
                ]
            ],
            [
                
            ],
            [
                [
                    {
                        "id": "test"
                    },
                    "test.GCA_963859965.1.spectra-cn.fl.png"
                ],
                [
                    {
                        "id": "test"
                    },
                    "test.GCA_963859965.1.spectra-cn.ln.png"
                ],
                [
                    {
                        "id": "test"
                    },
                    "test.GCA_963859965.1.spectra-cn.st.png"
                ],
                [
                    {
                        "id": "test"
                    },
                    "test.GCA_963859975.1_alt.spectra-cn.fl.png"
                ],
                [
                    {
                        "id": "test"
                    },
                    "test.GCA_963859975.1_alt.spectra-cn.ln.png"
                ],
                [
                    {
                        "id": "test"
                    },
                    "test.GCA_963859975.1_alt.spectra-cn.st.png"
                ],
                [
                    {
                        "id": "test"
                    },
                    "test.spectra-asm.fl.png"
                ],
                [
                    {
                        "id": "test"
                    },
                    "test.spectra-asm.ln.png"
                ],
                [
                    {
                        "id": "test"
                    },
                    "test.spectra-asm.st.png"
                ]
            ],
            [
                "versions.yml:md5,09622cb9d9239872f0aa737cff7a2d5f",
                "versions.yml:md5,09622cb9d9239872f0aa737cff7a2d5f",
                "versions.yml:md5,6ca1cfcfe9de105329f67f268cfdeeeb",
                "versions.yml:md5,ae8574670b9067c621698ce70bdfac49",
                "versions.yml:md5,ae8574670b9067c621698ce70bdfac49",
                "versions.yml:md5,e162b266a7bfe9ab0ae9716e929feb36",
                "versions.yml:md5,e162b266a7bfe9ab0ae9716e929feb36"
            ]
        ],
        "meta": {
            "nf-test": "0.9.2",
            "nextflow": "25.04.3"
        },
        "timestamp": "2025-09-02T12:45:26.75061184"
    },
    "meles meles - no trio - no busco - no fastk": {
        "content": [
            {
                "0": [
                    [
                        {
                            "id": "test",
                            "_hap": "hap1"
                        },
                        "GCA_963859965.1.fasta.gz.stats:md5,27e0c97332ed50fbae78572581db1b56"
                    ],
                    [
                        {
                            "id": "test",
                            "_hap": "hap2"
                        },
                        "GCA_963859975.1_alt.fasta.gz.stats:md5,bf5abf082c028eee5fbae15da09d9100"
                    ]
                ],
                "1": [
                    [
                        {
                            "id": "test",
                            "_hap": "hap1"
                        },
                        "test.assembly_summary:md5,03bd6448d99f284cee9224e932c26336"
                    ],
                    [
                        {
                            "id": "test",
                            "_hap": "hap2"
                        },
                        "test.assembly_summary:md5,36a8cadec7d7dfd1ec7a922261cf95be"
                    ]
                ],
                "2": [
                    
                ],
                "3": [
                    
                ],
                "4": [
                    
                ],
                "5": [
                    
                ],
                "6": [
                    
                ],
                "7": [
                    
                ],
                "8": [
                    "versions.yml:md5,ae8574670b9067c621698ce70bdfac49",
                    "versions.yml:md5,ae8574670b9067c621698ce70bdfac49",
                    "versions.yml:md5,e162b266a7bfe9ab0ae9716e929feb36",
                    "versions.yml:md5,e162b266a7bfe9ab0ae9716e929feb36"
                ],
                "asmstats": [
                    [
                        {
                            "id": "test",
                            "_hap": "hap1"
                        },
                        "GCA_963859965.1.fasta.gz.stats:md5,27e0c97332ed50fbae78572581db1b56"
                    ],
                    [
                        {
                            "id": "test",
                            "_hap": "hap2"
                        },
                        "GCA_963859975.1_alt.fasta.gz.stats:md5,bf5abf082c028eee5fbae15da09d9100"
                    ]
                ],
                "busco_summary_json": [
                    
                ],
                "busco_summary_txt": [
                    
                ],
                "gfastats": [
                    [
                        {
                            "id": "test",
                            "_hap": "hap1"
                        },
                        "test.assembly_summary:md5,03bd6448d99f284cee9224e932c26336"
                    ],
                    [
                        {
                            "id": "test",
                            "_hap": "hap2"
                        },
                        "test.assembly_summary:md5,36a8cadec7d7dfd1ec7a922261cf95be"
                    ]
                ],
                "merqury_completeness": [
                    
                ],
                "merqury_images": [
                    
                ],
                "merqury_phased_stats": [
                    
                ],
                "merqury_qv": [
                    
                ],
                "versions": [
                    "versions.yml:md5,ae8574670b9067c621698ce70bdfac49",
                    "versions.yml:md5,ae8574670b9067c621698ce70bdfac49",
                    "versions.yml:md5,e162b266a7bfe9ab0ae9716e929feb36",
                    "versions.yml:md5,e162b266a7bfe9ab0ae9716e929feb36"
                ]
            }
        ],
        "meta": {
            "nf-test": "0.9.2",
            "nextflow": "25.04.3"
        },
        "timestamp": "2025-09-01T16:56:02.670048879"
    }
}