{
    "Generate Paramsfile": {
        "content": [
            [
                "versions.yml:md5,58776ecc42bcc8e97a68f5d689395e91"
            ],
            [
                "all_output",
                "sample",
                "reads",
                "cram",
                "teloseq",
                "aligner"
            ],
            [
                "/lustre/scratch124/tol/teams/tola/users/dp24/nf-core-modules/.nf-test/tests/74e83bfb84701a4f4cfef60543d3d3e/longreads",
                "TTAGG",
                "AUTO",
                true
            ]
        ],
        "meta": {
            "nf-test": "0.9.2",
            "nextflow": "24.04.4"
        },
        "timestamp": "2025-11-04T19:54:16.445753834"
    }
}