{
    "bacteria full_table": {
        "content": [
            {
                "0": [
                    [
                        {
                            "id": "test"
                        },
                        "test.complete_buscos.bedgraph:md5,f55e6e10b9715ba8133cea5d3a70480d"
                    ]
                ],
                "1": [
                    [
                        {
                            "id": "test"
                        },
                        "test.duplicated_buscos.bedgraph:md5,b2a016d8d143f256a3c8332c7dec85f9"
                    ]
                ],
                "2": [
                    [
                        {
                            "id": "test"
                        },
                        "test.fragmented_buscos.bedgraph:md5,d6b0ea096c33c45a1aba7c7cae205f4e"
                    ]
                ],
                "3": [
                    [
                        "BUSCO_FULLTABLE_TO_GENE_BEDGRAPH",
                        "python",
                        "3.12.3"
                    ]
                ],
                "4": [
                    [
                        "BUSCO_FULLTABLE_TO_GENE_BEDGRAPH",
                        "pandas",
                        "2.2.1"
                    ]
                ],
                "5": [
                    [
                        "BUSCO_FULLTABLE_TO_GENE_BEDGRAPH",
                        "busco_fulltable_to_bedgraph",
                        "1.0.0"
                    ]
                ],
                "complete_bedgraph": [
                    [
                        {
                            "id": "test"
                        },
                        "test.complete_buscos.bedgraph:md5,f55e6e10b9715ba8133cea5d3a70480d"
                    ]
                ],
                "duplicated_bedgraph": [
                    [
                        {
                            "id": "test"
                        },
                        "test.duplicated_buscos.bedgraph:md5,b2a016d8d143f256a3c8332c7dec85f9"
                    ]
                ],
                "fragmented_bedgraph": [
                    [
                        {
                            "id": "test"
                        },
                        "test.fragmented_buscos.bedgraph:md5,d6b0ea096c33c45a1aba7c7cae205f4e"
                    ]
                ],
                "versions_busco_fulltable_to_bedgraph": [
                    [
                        "BUSCO_FULLTABLE_TO_GENE_BEDGRAPH",
                        "busco_fulltable_to_bedgraph",
                        "1.0.0"
                    ]
                ],
                "versions_pandas": [
                    [
                        "BUSCO_FULLTABLE_TO_GENE_BEDGRAPH",
                        "pandas",
                        "2.2.1"
                    ]
                ],
                "versions_python": [
                    [
                        "BUSCO_FULLTABLE_TO_GENE_BEDGRAPH",
                        "python",
                        "3.12.3"
                    ]
                ]
            }
        ],
        "timestamp": "2026-05-19T22:35:24.109353076",
        "meta": {
            "nf-test": "0.9.5",
            "nextflow": "25.10.4"
        }
    },
    "bacteria full_table - stub": {
        "content": [
            {
                "0": [
                    [
                        {
                            "id": "test"
                        },
                        "test.complete_buscos.bedgraph:md5,d41d8cd98f00b204e9800998ecf8427e"
                    ]
                ],
                "1": [
                    [
                        {
                            "id": "test"
                        },
                        "test.duplicated_buscos.bedgraph:md5,d41d8cd98f00b204e9800998ecf8427e"
                    ]
                ],
                "2": [
                    [
                        {
                            "id": "test"
                        },
                        "test.fragmented_buscos.bedgraph:md5,d41d8cd98f00b204e9800998ecf8427e"
                    ]
                ],
                "3": [
                    [
                        "BUSCO_FULLTABLE_TO_GENE_BEDGRAPH",
                        "python",
                        "3.12.3"
                    ]
                ],
                "4": [
                    [
                        "BUSCO_FULLTABLE_TO_GENE_BEDGRAPH",
                        "pandas",
                        "2.2.1"
                    ]
                ],
                "5": [
                    [
                        "BUSCO_FULLTABLE_TO_GENE_BEDGRAPH",
                        "busco_fulltable_to_bedgraph",
                        "1.0.0"
                    ]
                ],
                "complete_bedgraph": [
                    [
                        {
                            "id": "test"
                        },
                        "test.complete_buscos.bedgraph:md5,d41d8cd98f00b204e9800998ecf8427e"
                    ]
                ],
                "duplicated_bedgraph": [
                    [
                        {
                            "id": "test"
                        },
                        "test.duplicated_buscos.bedgraph:md5,d41d8cd98f00b204e9800998ecf8427e"
                    ]
                ],
                "fragmented_bedgraph": [
                    [
                        {
                            "id": "test"
                        },
                        "test.fragmented_buscos.bedgraph:md5,d41d8cd98f00b204e9800998ecf8427e"
                    ]
                ],
                "versions_busco_fulltable_to_bedgraph": [
                    [
                        "BUSCO_FULLTABLE_TO_GENE_BEDGRAPH",
                        "busco_fulltable_to_bedgraph",
                        "1.0.0"
                    ]
                ],
                "versions_pandas": [
                    [
                        "BUSCO_FULLTABLE_TO_GENE_BEDGRAPH",
                        "pandas",
                        "2.2.1"
                    ]
                ],
                "versions_python": [
                    [
                        "BUSCO_FULLTABLE_TO_GENE_BEDGRAPH",
                        "python",
                        "3.12.3"
                    ]
                ]
            }
        ],
        "timestamp": "2026-05-19T22:35:37.575475671",
        "meta": {
            "nf-test": "0.9.5",
            "nextflow": "25.10.4"
        }
    }
}