{
    "Ceramica_pisi - odb12 - ancestral - online": {
        "content": [
            {
                "0": [
                    [
                        {
                            "id": "Ceramica_pisi"
                        },
                        "Ceramica_pisi.busco_odb.csv:md5,c46420a3923e63e76241eb3721018df2"
                    ]
                ],
                "1": [
                    
                ],
                "odb_csv": [
                    [
                        {
                            "id": "Ceramica_pisi"
                        },
                        "Ceramica_pisi.busco_odb.csv:md5,c46420a3923e63e76241eb3721018df2"
                    ]
                ],
                "restructured_output": [
                    
                ]
            }
        ],
        "timestamp": "2026-06-04T14:08:25.563618341",
        "meta": {
            "nf-test": "0.9.5",
            "nextflow": "25.10.2"
        }
    },
    "Ceramica_pisi - all_odb - online": {
        "content": [
            {
                "0": [
                    [
                        {
                            "id": "Ceramica_pisi"
                        },
                        "Ceramica_pisi.busco_odb.csv:md5,a04e7c59cb5ed5eaa0d32bb552f5d418"
                    ]
                ],
                "1": [
                    [
                        {
                            "id": "Ceramica_pisi",
                            "lineage": "archaea_odb10",
                            "taxid": "988087",
                            "outdir": "Ceramica_pisi_988087",
                            "genome_size": 59715277
                        },
                        [
                            "Ceramica_pisi.fragmented_busco_sequences.tar.gz:md5,090d3cde02ebc23fca90920792cce6f2",
                            "Ceramica_pisi.full_table.tsv.gz:md5,b0607e822efeed58214e0b1040870c31",
                            "Ceramica_pisi.missing_busco_list.tsv.gz:md5,211c27b09cb9562baa416070a15f0e23",
                            "Ceramica_pisi.multi_copy_busco_sequences.tar.gz:md5,0eac0b1d029759a366df5457209b4aba",
                            "Ceramica_pisi.short_summary.json:md5,b138b1a60e8c62718ee10bae3e5d8a97",
                            "Ceramica_pisi.short_summary.tsv:md5,2dbdbe2a7be1eec1d2940d3e01585194",
                            "Ceramica_pisi.short_summary.txt:md5,95e223324a4d24286b2ffc5d0e8030fc",
                            "Ceramica_pisi.single_copy_busco_sequences.tar.gz:md5,00f5f5505d050ae4a522fab2e5cfac6a"
                        ]
                    ]
                ],
                "odb_csv": [
                    [
                        {
                            "id": "Ceramica_pisi"
                        },
                        "Ceramica_pisi.busco_odb.csv:md5,a04e7c59cb5ed5eaa0d32bb552f5d418"
                    ]
                ],
                "restructured_output": [
                    [
                        {
                            "id": "Ceramica_pisi",
                            "lineage": "archaea_odb10",
                            "taxid": "988087",
                            "outdir": "Ceramica_pisi_988087",
                            "genome_size": 59715277
                        },
                        [
                            "Ceramica_pisi.fragmented_busco_sequences.tar.gz:md5,090d3cde02ebc23fca90920792cce6f2",
                            "Ceramica_pisi.full_table.tsv.gz:md5,b0607e822efeed58214e0b1040870c31",
                            "Ceramica_pisi.missing_busco_list.tsv.gz:md5,211c27b09cb9562baa416070a15f0e23",
                            "Ceramica_pisi.multi_copy_busco_sequences.tar.gz:md5,0eac0b1d029759a366df5457209b4aba",
                            "Ceramica_pisi.short_summary.json:md5,b138b1a60e8c62718ee10bae3e5d8a97",
                            "Ceramica_pisi.short_summary.tsv:md5,2dbdbe2a7be1eec1d2940d3e01585194",
                            "Ceramica_pisi.short_summary.txt:md5,95e223324a4d24286b2ffc5d0e8030fc",
                            "Ceramica_pisi.single_copy_busco_sequences.tar.gz:md5,00f5f5505d050ae4a522fab2e5cfac6a"
                        ]
                    ]
                ]
            }
        ],
        "timestamp": "2026-06-03T15:45:47.640736163",
        "meta": {
            "nf-test": "0.9.5",
            "nextflow": "25.10.2"
        }
    },
    "Ceramica_pisi - odb10 - basal - online": {
        "content": [
            {
                "0": [
                    [
                        {
                            "id": "Ceramica_pisi"
                        },
                        "Ceramica_pisi.busco_odb.csv:md5,3533a71a930bd1b5afaf9e3880c0c5bf"
                    ]
                ],
                "1": [
                    
                ],
                "odb_csv": [
                    [
                        {
                            "id": "Ceramica_pisi"
                        },
                        "Ceramica_pisi.busco_odb.csv:md5,3533a71a930bd1b5afaf9e3880c0c5bf"
                    ]
                ],
                "restructured_output": [
                    
                ]
            }
        ],
        "timestamp": "2026-06-04T14:12:53.60748541",
        "meta": {
            "nf-test": "0.9.5",
            "nextflow": "25.10.2"
        }
    },
    "Ceramica_pisi - all_odb - specified - offline": {
        "content": [
            {
                "0": [
                    [
                        {
                            "id": "Ceramica_pisi"
                        },
                        "Ceramica_pisi.busco_odb.csv:md5,1788ea0e42b2b32b1337e8fd307f6ffd"
                    ]
                ],
                "1": [
                    [
                        {
                            "id": "Ceramica_pisi",
                            "lineage": "lepidoptera_odb10",
                            "taxid": "988087",
                            "outdir": "Ceramica_pisi_988087",
                            "genome_size": 59715277
                        },
                        [
                            "Ceramica_pisi.fragmented_busco_sequences.tar.gz:md5,95bb80afa83ebbe4d3f71e13d3b7f47e",
                            "Ceramica_pisi.full_table.tsv.gz:md5,80777317e63c02f1d80119a1038df08d",
                            "Ceramica_pisi.missing_busco_list.tsv.gz:md5,7a2510a18d093facb2cedfc0d49306c1",
                            "Ceramica_pisi.multi_copy_busco_sequences.tar.gz:md5,fac4955a36c2490da9e75b35ae842dd9",
                            "Ceramica_pisi.short_summary.json:md5,504d345dcf1dbfdbd1d0dcc377d0e24c",
                            "Ceramica_pisi.short_summary.tsv:md5,2701aee387024b393ca08f54d724df37",
                            "Ceramica_pisi.short_summary.txt:md5,05820152eafc5667a0b07169a802bb3a",
                            "Ceramica_pisi.single_copy_busco_sequences.tar.gz:md5,615ff4690203609608164b3b0c16e8e3"
                        ]
                    ],
                    [
                        {
                            "id": "Ceramica_pisi",
                            "lineage": "lepidoptera_odb12",
                            "taxid": "988087",
                            "outdir": "Ceramica_pisi_988087",
                            "genome_size": 59715277
                        },
                        [
                            "Ceramica_pisi.fragmented_busco_sequences.tar.gz:md5,8e0f95231838e63ada6f833953cb06ed",
                            "Ceramica_pisi.full_table.tsv.gz:md5,6d8e1467c24c90a0b1a2c4de9a5a45d5",
                            "Ceramica_pisi.missing_busco_list.tsv.gz:md5,7907b15451b96b0da834f1f48e214ec4",
                            "Ceramica_pisi.multi_copy_busco_sequences.tar.gz:md5,7b8aa99f7b7fbd9b6ad85ab1a4eec473",
                            "Ceramica_pisi.short_summary.json:md5,08c61dbabbf754735dfd024ce34ce688",
                            "Ceramica_pisi.short_summary.tsv:md5,97bf63d6cb79a5255dfd8974aecf406a",
                            "Ceramica_pisi.short_summary.txt:md5,d481f3b49c42ae5fe1d22cbe6725f468",
                            "Ceramica_pisi.single_copy_busco_sequences.tar.gz:md5,b51b75835e40ced7e0251cc3f0f5a3d7"
                        ]
                    ]
                ],
                "odb_csv": [
                    [
                        {
                            "id": "Ceramica_pisi"
                        },
                        "Ceramica_pisi.busco_odb.csv:md5,1788ea0e42b2b32b1337e8fd307f6ffd"
                    ]
                ],
                "restructured_output": [
                    [
                        {
                            "id": "Ceramica_pisi",
                            "lineage": "lepidoptera_odb10",
                            "taxid": "988087",
                            "outdir": "Ceramica_pisi_988087",
                            "genome_size": 59715277
                        },
                        [
                            "Ceramica_pisi.fragmented_busco_sequences.tar.gz:md5,95bb80afa83ebbe4d3f71e13d3b7f47e",
                            "Ceramica_pisi.full_table.tsv.gz:md5,80777317e63c02f1d80119a1038df08d",
                            "Ceramica_pisi.missing_busco_list.tsv.gz:md5,7a2510a18d093facb2cedfc0d49306c1",
                            "Ceramica_pisi.multi_copy_busco_sequences.tar.gz:md5,fac4955a36c2490da9e75b35ae842dd9",
                            "Ceramica_pisi.short_summary.json:md5,504d345dcf1dbfdbd1d0dcc377d0e24c",
                            "Ceramica_pisi.short_summary.tsv:md5,2701aee387024b393ca08f54d724df37",
                            "Ceramica_pisi.short_summary.txt:md5,05820152eafc5667a0b07169a802bb3a",
                            "Ceramica_pisi.single_copy_busco_sequences.tar.gz:md5,615ff4690203609608164b3b0c16e8e3"
                        ]
                    ],
                    [
                        {
                            "id": "Ceramica_pisi",
                            "lineage": "lepidoptera_odb12",
                            "taxid": "988087",
                            "outdir": "Ceramica_pisi_988087",
                            "genome_size": 59715277
                        },
                        [
                            "Ceramica_pisi.fragmented_busco_sequences.tar.gz:md5,8e0f95231838e63ada6f833953cb06ed",
                            "Ceramica_pisi.full_table.tsv.gz:md5,6d8e1467c24c90a0b1a2c4de9a5a45d5",
                            "Ceramica_pisi.missing_busco_list.tsv.gz:md5,7907b15451b96b0da834f1f48e214ec4",
                            "Ceramica_pisi.multi_copy_busco_sequences.tar.gz:md5,7b8aa99f7b7fbd9b6ad85ab1a4eec473",
                            "Ceramica_pisi.short_summary.json:md5,08c61dbabbf754735dfd024ce34ce688",
                            "Ceramica_pisi.short_summary.tsv:md5,97bf63d6cb79a5255dfd8974aecf406a",
                            "Ceramica_pisi.short_summary.txt:md5,d481f3b49c42ae5fe1d22cbe6725f468",
                            "Ceramica_pisi.single_copy_busco_sequences.tar.gz:md5,b51b75835e40ced7e0251cc3f0f5a3d7"
                        ]
                    ]
                ]
            }
        ],
        "timestamp": "2026-06-04T16:32:11.672609354",
        "meta": {
            "nf-test": "0.9.5",
            "nextflow": "25.10.2"
        }
    },
    "Ceramica_pisi - all_odb": {
        "content": [
            {
                "0": [
                    
                ],
                "1": [
                    
                ],
                "odb_csv": [
                    
                ],
                "restructured_output": [
                    
                ]
            }
        ],
        "timestamp": "2026-06-02T22:46:38.628993993",
        "meta": {
            "nf-test": "0.9.5",
            "nextflow": "25.10.2"
        }
    }
}