{
    "Laetiporus_sulphureus - odb10 - latest - offline": {
        "content": [
            {
                "0": [
                    [
                        {
                            "id": "Ceramica_pisi"
                        },
                        "Ceramica_pisi.busco_odb.csv:md5,9022465c11cfac0ca6507b98989067c6"
                    ]
                ],
                "1": [
                    [
                        {
                            "id": "Ceramica_pisi",
                            "lineage": "lepidoptera_odb10",
                            "lineage_rating": "extra",
                            "taxid": "5630",
                            "outdir": "OUTPUT",
                            "genome_size": 37878768
                        },
                        "full_table.tsv:md5,625b82bf106baf06d90b63dcec3792fe"
                    ]
                ],
                "2": [
                    [
                        {
                            "id": "Ceramica_pisi",
                            "lineage": "lepidoptera_odb10",
                            "lineage_rating": "extra",
                            "taxid": "5630",
                            "outdir": "OUTPUT",
                            "genome_size": 37878768
                        },
                        [
                            [
                                [
                                    "bbtools_err.log:md5,aa77e7af499029f37af8ce8ee4c9509f",
                                    "bbtools_out.log:md5,a371a4a93e67a29e92a16e4a55e8682b",
                                    "hmmsearch_err.log:md5,d41d8cd98f00b204e9800998ecf8427e",
                                    "hmmsearch_out.log:md5,35a7565b2ce0ed22822155dd26cfd36c",
                                    "miniprot_align_lepidoptera_odb10_err.log:md5,56b5c11813d0f545a4833712520c4df8",
                                    "miniprot_align_lepidoptera_odb10_out.log:md5,e01e33226927115cd44a521fa9adfd66",
                                    "miniprot_index_err.log:md5,2a7249b75f43c411ea9c40d3c37855c6",
                                    "miniprot_index_out.log:md5,d41d8cd98f00b204e9800998ecf8427e"
                                ],
                                [
                                    [
                                        ".checkpoint:md5,174ecc18b78539da07d60fbf7fa7c880"
                                    ],
                                    [
                                        [
                                            
                                        ],
                                        [
                                            "1027at7088.faa:md5,24653e6776446b7460e0ca7a501572f8",
                                            "1027at7088.gff:md5,664a55660b8b6c0f26ff02d3c00d3e25"
                                        ],
                                        [
                                            "10391at7088.faa:md5,51fdd3253c1a379d755acee4a34c1b25",
                                            "10391at7088.gff:md5,e7da83e0bce43411441b2d441c6c3dba",
                                            "2885at7088.faa:md5,e22e8d54d66d84ec417270c176cad042",
                                            "2885at7088.gff:md5,3dfd2ecea7902e48ac2ffe984688f527"
                                        ]
                                    ],
                                    "full_table.tsv:md5,625b82bf106baf06d90b63dcec3792fe",
                                    [
                                        ".checkpoint:md5,f825d43547bf360d3d06a5f5beda09f2",
                                        "10001at7088.out:md5,7b2f7af4df07ae078919db8f4f3893ea",
                                        "10206at7088.out:md5,512221581761b39682b7b16e17b5036c",
                                        "1027at7088.out:md5,982a1ffbc51f6812a40a7f1b265e8c68",
                                        "10391at7088.out:md5,dd2a52028118b4ec1ff6b2c64cbe89bc",
                                        "1436at7088.out:md5,4d3bcee1fc4d9f80bf6e64cda4573bc4",
                                        "2885at7088.out:md5,109d88bb8412b401c64f924dd34aa3b2"
                                    ],
                                    [
                                        ".checkpoint:md5,202ef2e11d6ca1304466114bfe6c3612",
                                        "GCA_927399515.1_lepidoptera_odb10.gff:md5,e01e33226927115cd44a521fa9adfd66",
                                        "ref.mpi:md5,51d83c8365619a1dacd7b9d21cc60361",
                                        [
                                            "10001at7088.faa:md5,de88233c5eecca258efea7e0a3556e73",
                                            "10206at7088.faa:md5,4bde4abf57d59a9b4d159aeb82b13f6e",
                                            "1027at7088.faa:md5,6b89199963c376b68d182af8cce727d7",
                                            "10391at7088.faa:md5,1909e42f59f0765a0fdb6bbb0b602b8d",
                                            "1436at7088.faa:md5,b6797d664ececc34d281eb6da0394ce2",
                                            "2885at7088.faa:md5,f4dbf8b369b1c53628013deec13bf771"
                                        ]
                                    ],
                                    "missing_busco_list.tsv:md5,9b7ada3a7d8261117955954215d69766",
                                    "short_summary.json:md5,f059e8edba0f0997c1829cb1959e19e6",
                                    "short_summary.txt:md5,5fb84f7d182b6146d493b066c5901ccd"
                                ],
                                [
                                    "refseq_db.faa:md5,f4f32162b4c0712a84e70c362c9ed146"
                                ]
                            ],
                            [
                                
                            ]
                        ]
                    ]
                ],
                "3": [
                    [
                        {
                            "id": "Ceramica_pisi",
                            "lineage": "lepidoptera_odb10",
                            "lineage_rating": "extra",
                            "taxid": "5630",
                            "outdir": "OUTPUT",
                            "genome_size": 37878768
                        },
                        [
                            "Ceramica_pisi.fragmented_busco_sequences.tar.gz:md5,7536da7dc54f025c4df531c535b2857d",
                            "Ceramica_pisi.full_table.tsv.gz:md5,625b82bf106baf06d90b63dcec3792fe",
                            "Ceramica_pisi.missing_busco_list.tsv.gz:md5,9b7ada3a7d8261117955954215d69766",
                            "Ceramica_pisi.multi_copy_busco_sequences.tar.gz:md5,c356e2a5327eb148787dc49d5673ec88",
                            "Ceramica_pisi.short_summary.json:md5,f059e8edba0f0997c1829cb1959e19e6",
                            "Ceramica_pisi.short_summary.tsv:md5,1065660878ea4f1c44ace473668c1718",
                            "Ceramica_pisi.short_summary.txt:md5,5fb84f7d182b6146d493b066c5901ccd",
                            "Ceramica_pisi.single_copy_busco_sequences.tar.gz:md5,44ffef0d1cd0475aabccf65d6a3dc65a"
                        ]
                    ]
                ],
                "busco_full_table": [
                    [
                        {
                            "id": "Ceramica_pisi",
                            "lineage": "lepidoptera_odb10",
                            "lineage_rating": "extra",
                            "taxid": "5630",
                            "outdir": "OUTPUT",
                            "genome_size": 37878768
                        },
                        "full_table.tsv:md5,625b82bf106baf06d90b63dcec3792fe"
                    ]
                ],
                "busco_output": [
                    [
                        {
                            "id": "Ceramica_pisi",
                            "lineage": "lepidoptera_odb10",
                            "lineage_rating": "extra",
                            "taxid": "5630",
                            "outdir": "OUTPUT",
                            "genome_size": 37878768
                        },
                        [
                            [
                                [
                                    "bbtools_err.log:md5,aa77e7af499029f37af8ce8ee4c9509f",
                                    "bbtools_out.log:md5,a371a4a93e67a29e92a16e4a55e8682b",
                                    "hmmsearch_err.log:md5,d41d8cd98f00b204e9800998ecf8427e",
                                    "hmmsearch_out.log:md5,35a7565b2ce0ed22822155dd26cfd36c",
                                    "miniprot_align_lepidoptera_odb10_err.log:md5,56b5c11813d0f545a4833712520c4df8",
                                    "miniprot_align_lepidoptera_odb10_out.log:md5,e01e33226927115cd44a521fa9adfd66",
                                    "miniprot_index_err.log:md5,2a7249b75f43c411ea9c40d3c37855c6",
                                    "miniprot_index_out.log:md5,d41d8cd98f00b204e9800998ecf8427e"
                                ],
                                [
                                    [
                                        ".checkpoint:md5,174ecc18b78539da07d60fbf7fa7c880"
                                    ],
                                    [
                                        [
                                            
                                        ],
                                        [
                                            "1027at7088.faa:md5,24653e6776446b7460e0ca7a501572f8",
                                            "1027at7088.gff:md5,664a55660b8b6c0f26ff02d3c00d3e25"
                                        ],
                                        [
                                            "10391at7088.faa:md5,51fdd3253c1a379d755acee4a34c1b25",
                                            "10391at7088.gff:md5,e7da83e0bce43411441b2d441c6c3dba",
                                            "2885at7088.faa:md5,e22e8d54d66d84ec417270c176cad042",
                                            "2885at7088.gff:md5,3dfd2ecea7902e48ac2ffe984688f527"
                                        ]
                                    ],
                                    "full_table.tsv:md5,625b82bf106baf06d90b63dcec3792fe",
                                    [
                                        ".checkpoint:md5,f825d43547bf360d3d06a5f5beda09f2",
                                        "10001at7088.out:md5,7b2f7af4df07ae078919db8f4f3893ea",
                                        "10206at7088.out:md5,512221581761b39682b7b16e17b5036c",
                                        "1027at7088.out:md5,982a1ffbc51f6812a40a7f1b265e8c68",
                                        "10391at7088.out:md5,dd2a52028118b4ec1ff6b2c64cbe89bc",
                                        "1436at7088.out:md5,4d3bcee1fc4d9f80bf6e64cda4573bc4",
                                        "2885at7088.out:md5,109d88bb8412b401c64f924dd34aa3b2"
                                    ],
                                    [
                                        ".checkpoint:md5,202ef2e11d6ca1304466114bfe6c3612",
                                        "GCA_927399515.1_lepidoptera_odb10.gff:md5,e01e33226927115cd44a521fa9adfd66",
                                        "ref.mpi:md5,51d83c8365619a1dacd7b9d21cc60361",
                                        [
                                            "10001at7088.faa:md5,de88233c5eecca258efea7e0a3556e73",
                                            "10206at7088.faa:md5,4bde4abf57d59a9b4d159aeb82b13f6e",
                                            "1027at7088.faa:md5,6b89199963c376b68d182af8cce727d7",
                                            "10391at7088.faa:md5,1909e42f59f0765a0fdb6bbb0b602b8d",
                                            "1436at7088.faa:md5,b6797d664ececc34d281eb6da0394ce2",
                                            "2885at7088.faa:md5,f4dbf8b369b1c53628013deec13bf771"
                                        ]
                                    ],
                                    "missing_busco_list.tsv:md5,9b7ada3a7d8261117955954215d69766",
                                    "short_summary.json:md5,f059e8edba0f0997c1829cb1959e19e6",
                                    "short_summary.txt:md5,5fb84f7d182b6146d493b066c5901ccd"
                                ],
                                [
                                    "refseq_db.faa:md5,f4f32162b4c0712a84e70c362c9ed146"
                                ]
                            ],
                            [
                                
                            ]
                        ]
                    ]
                ],
                "odb_csv": [
                    [
                        {
                            "id": "Ceramica_pisi"
                        },
                        "Ceramica_pisi.busco_odb.csv:md5,9022465c11cfac0ca6507b98989067c6"
                    ]
                ],
                "restructured_output": [
                    [
                        {
                            "id": "Ceramica_pisi",
                            "lineage": "lepidoptera_odb10",
                            "lineage_rating": "extra",
                            "taxid": "5630",
                            "outdir": "OUTPUT",
                            "genome_size": 37878768
                        },
                        [
                            "Ceramica_pisi.fragmented_busco_sequences.tar.gz:md5,7536da7dc54f025c4df531c535b2857d",
                            "Ceramica_pisi.full_table.tsv.gz:md5,625b82bf106baf06d90b63dcec3792fe",
                            "Ceramica_pisi.missing_busco_list.tsv.gz:md5,9b7ada3a7d8261117955954215d69766",
                            "Ceramica_pisi.multi_copy_busco_sequences.tar.gz:md5,c356e2a5327eb148787dc49d5673ec88",
                            "Ceramica_pisi.short_summary.json:md5,f059e8edba0f0997c1829cb1959e19e6",
                            "Ceramica_pisi.short_summary.tsv:md5,1065660878ea4f1c44ace473668c1718",
                            "Ceramica_pisi.short_summary.txt:md5,5fb84f7d182b6146d493b066c5901ccd",
                            "Ceramica_pisi.single_copy_busco_sequences.tar.gz:md5,44ffef0d1cd0475aabccf65d6a3dc65a"
                        ]
                    ]
                ]
            }
        ],
        "timestamp": "2026-06-09T21:10:01.947468752",
        "meta": {
            "nf-test": "0.9.5",
            "nextflow": "25.10.4"
        }
    }
}
