{
    "ilDryDodo1 - sizes, png": {
        "content": [
            {
                "0": [
                    [
                        {
                            "id": "ilDryDodo1"
                        },
                        "ilDryDodo1_annotated_pretext.png:md5,fce74c5236ecc60bd25954fabe68650d"
                    ]
                ],
                "1": [
                    [
                        {
                            "id": "ilDryDodo1"
                        },
                        "ilDryDodo1_annotated_pretext.gif:md5,afcf8acda86f2a844e073de4c68b2ac6"
                    ]
                ],
                "2": [
                    [
                        {
                            "id": "ilDryDodo1"
                        },
                        "ilDryDodo1_annotated_pretext.tif:md5,9542e0896b849ee63911db7bd27f9a2a"
                    ]
                ],
                "3": [
                    [
                        "PRETEXTANNOTATE",
                        "pretextannotate",
                        "1.1.2"
                    ]
                ],
                "gif": [
                    [
                        {
                            "id": "ilDryDodo1"
                        },
                        "ilDryDodo1_annotated_pretext.gif:md5,afcf8acda86f2a844e073de4c68b2ac6"
                    ]
                ],
                "png": [
                    [
                        {
                            "id": "ilDryDodo1"
                        },
                        "ilDryDodo1_annotated_pretext.png:md5,fce74c5236ecc60bd25954fabe68650d"
                    ]
                ],
                "tif": [
                    [
                        {
                            "id": "ilDryDodo1"
                        },
                        "ilDryDodo1_annotated_pretext.tif:md5,9542e0896b849ee63911db7bd27f9a2a"
                    ]
                ],
                "versions_pretextannotate": [
                    [
                        "PRETEXTANNOTATE",
                        "pretextannotate",
                        "1.1.2"
                    ]
                ]
            }
        ],
        "meta": {
            "nf-test": "0.9.3",
            "nextflow": "25.10.2"
        },
        "timestamp": "2026-03-05T11:19:41.865494834"
    },
    "ilDryDodo1 - sizes, png - stub": {
        "content": [
            {
                "0": [
                    [
                        {
                            "id": "ilDryDodo1"
                        },
                        "ilDryDodo1.png:md5,d41d8cd98f00b204e9800998ecf8427e"
                    ]
                ],
                "1": [
                    [
                        {
                            "id": "ilDryDodo1"
                        },
                        "ilDryDodo1.gif:md5,d41d8cd98f00b204e9800998ecf8427e"
                    ]
                ],
                "2": [
                    [
                        {
                            "id": "ilDryDodo1"
                        },
                        "ilDryDodo1.tif:md5,d41d8cd98f00b204e9800998ecf8427e"
                    ]
                ],
                "3": [
                    [
                        "PRETEXTANNOTATE",
                        "pretextannotate",
                        "1.1.2"
                    ]
                ],
                "gif": [
                    [
                        {
                            "id": "ilDryDodo1"
                        },
                        "ilDryDodo1.gif:md5,d41d8cd98f00b204e9800998ecf8427e"
                    ]
                ],
                "png": [
                    [
                        {
                            "id": "ilDryDodo1"
                        },
                        "ilDryDodo1.png:md5,d41d8cd98f00b204e9800998ecf8427e"
                    ]
                ],
                "tif": [
                    [
                        {
                            "id": "ilDryDodo1"
                        },
                        "ilDryDodo1.tif:md5,d41d8cd98f00b204e9800998ecf8427e"
                    ]
                ],
                "versions_pretextannotate": [
                    [
                        "PRETEXTANNOTATE",
                        "pretextannotate",
                        "1.1.2"
                    ]
                ]
            }
        ],
        "meta": {
            "nf-test": "0.9.3",
            "nextflow": "25.10.2"
        },
        "timestamp": "2026-03-05T11:19:49.177308616"
    }
}