{
    "meles meles - multiple test": {
        "content": [
            [
                {
                    "maxReadLength": 96980,
                    "minReadLength": 0,
                    "meanReadLength": 4840,
                    "maxQuality": 60,
                    "minQuality": 0,
                    "meanQuality": 3,
                    "readCount": 16265,
                    "duplicateReadCount": 0,
                    "sorted": false
                },
                {
                    "maxReadLength": 96980,
                    "minReadLength": 0,
                    "meanReadLength": 4840,
                    "maxQuality": 60,
                    "minQuality": 0,
                    "meanQuality": 3,
                    "readCount": 16265,
                    "duplicateReadCount": 0,
                    "sorted": false
                }
            ],
            [
                "test1: no RG",
                "test: SM:mMelMel3"
            ],
            [
                "versions.yml:md5,1e0ef2d568832aca8d333501199ae77b",
                "versions.yml:md5,1e0ef2d568832aca8d333501199ae77b",
                "versions.yml:md5,634e8c806cba8cca4b73c6b206f796b4",
                "versions.yml:md5,634e8c806cba8cca4b73c6b206f796b4",
                "versions.yml:md5,663fb1b828914274912d0ca51115378a",
                "versions.yml:md5,663fb1b828914274912d0ca51115378a",
                "versions.yml:md5,67afe4aba4aab8e07765f229e5964159",
                "versions.yml:md5,67afe4aba4aab8e07765f229e5964159",
                "versions.yml:md5,bb93856f33590e258c1f2c817bcf85cd",
                "versions.yml:md5,bb93856f33590e258c1f2c817bcf85cd",
                "versions.yml:md5,bb93856f33590e258c1f2c817bcf85cd",
                "versions.yml:md5,bb93856f33590e258c1f2c817bcf85cd",
                "versions.yml:md5,bb93856f33590e258c1f2c817bcf85cd",
                "versions.yml:md5,bb93856f33590e258c1f2c817bcf85cd",
                "versions.yml:md5,bb93856f33590e258c1f2c817bcf85cd",
                "versions.yml:md5,bb93856f33590e258c1f2c817bcf85cd",
                "versions.yml:md5,be4d3d855b43aa0e9e99f54298de977f",
                "versions.yml:md5,be4d3d855b43aa0e9e99f54298de977f"
            ]
        ],
        "meta": {
            "nf-test": "0.9.2",
            "nextflow": "25.10.0"
        },
        "timestamp": "2025-11-21T17:32:25.839795564"
    },
    "meles meles - mismatch meta test": {
        "content": [
            [
                {
                    "maxReadLength": 96980,
                    "minReadLength": 0,
                    "meanReadLength": 4840,
                    "maxQuality": 60,
                    "minQuality": 0,
                    "meanQuality": 3,
                    "readCount": 16265,
                    "duplicateReadCount": 0,
                    "sorted": false
                }
            ],
            [
                "versions.yml:md5,1e0ef2d568832aca8d333501199ae77b",
                "versions.yml:md5,1e0ef2d568832aca8d333501199ae77b",
                "versions.yml:md5,634e8c806cba8cca4b73c6b206f796b4",
                "versions.yml:md5,634e8c806cba8cca4b73c6b206f796b4",
                "versions.yml:md5,663fb1b828914274912d0ca51115378a",
                "versions.yml:md5,663fb1b828914274912d0ca51115378a",
                "versions.yml:md5,67afe4aba4aab8e07765f229e5964159",
                "versions.yml:md5,bb93856f33590e258c1f2c817bcf85cd",
                "versions.yml:md5,bb93856f33590e258c1f2c817bcf85cd",
                "versions.yml:md5,bb93856f33590e258c1f2c817bcf85cd",
                "versions.yml:md5,bb93856f33590e258c1f2c817bcf85cd",
                "versions.yml:md5,be4d3d855b43aa0e9e99f54298de977f",
                "versions.yml:md5,be4d3d855b43aa0e9e99f54298de977f"
            ]
        ],
        "meta": {
            "nf-test": "0.9.2",
            "nextflow": "25.10.0"
        },
        "timestamp": "2025-11-21T14:33:30.67565421"
    },
    "meles meles - PacBio Hifi test - double files": {
        "content": [
            [
                {
                    "maxReadLength": 32471,
                    "minReadLength": 0,
                    "meanReadLength": 5947,
                    "maxQuality": 60,
                    "minQuality": 0,
                    "meanQuality": 3,
                    "readCount": 39927,
                    "duplicateReadCount": 0,
                    "sorted": false
                },
                {
                    "maxReadLength": 30669,
                    "minReadLength": 0,
                    "meanReadLength": 5894,
                    "maxQuality": 60,
                    "minQuality": 0,
                    "meanQuality": 3,
                    "readCount": 26567,
                    "duplicateReadCount": 0,
                    "sorted": false
                }
            ],
            [
                "test1: SM:test1",
                "test: SM:mMelMel3"
            ],
            [
                "versions.yml:md5,1e0ef2d568832aca8d333501199ae77b",
                "versions.yml:md5,1e0ef2d568832aca8d333501199ae77b",
                "versions.yml:md5,634e8c806cba8cca4b73c6b206f796b4",
                "versions.yml:md5,634e8c806cba8cca4b73c6b206f796b4",
                "versions.yml:md5,634e8c806cba8cca4b73c6b206f796b4",
                "versions.yml:md5,663fb1b828914274912d0ca51115378a",
                "versions.yml:md5,663fb1b828914274912d0ca51115378a",
                "versions.yml:md5,67afe4aba4aab8e07765f229e5964159",
                "versions.yml:md5,67afe4aba4aab8e07765f229e5964159",
                "versions.yml:md5,bb93856f33590e258c1f2c817bcf85cd",
                "versions.yml:md5,bb93856f33590e258c1f2c817bcf85cd",
                "versions.yml:md5,bb93856f33590e258c1f2c817bcf85cd",
                "versions.yml:md5,bb93856f33590e258c1f2c817bcf85cd",
                "versions.yml:md5,bb93856f33590e258c1f2c817bcf85cd",
                "versions.yml:md5,bb93856f33590e258c1f2c817bcf85cd",
                "versions.yml:md5,bb93856f33590e258c1f2c817bcf85cd",
                "versions.yml:md5,bb93856f33590e258c1f2c817bcf85cd",
                "versions.yml:md5,bb93856f33590e258c1f2c817bcf85cd",
                "versions.yml:md5,bb93856f33590e258c1f2c817bcf85cd",
                "versions.yml:md5,bb93856f33590e258c1f2c817bcf85cd",
                "versions.yml:md5,bb93856f33590e258c1f2c817bcf85cd",
                "versions.yml:md5,bb93856f33590e258c1f2c817bcf85cd",
                "versions.yml:md5,bb93856f33590e258c1f2c817bcf85cd",
                "versions.yml:md5,bb93856f33590e258c1f2c817bcf85cd",
                "versions.yml:md5,bb93856f33590e258c1f2c817bcf85cd",
                "versions.yml:md5,bb93856f33590e258c1f2c817bcf85cd",
                "versions.yml:md5,bb93856f33590e258c1f2c817bcf85cd",
                "versions.yml:md5,be4d3d855b43aa0e9e99f54298de977f",
                "versions.yml:md5,be4d3d855b43aa0e9e99f54298de977f",
                "versions.yml:md5,be4d3d855b43aa0e9e99f54298de977f"
            ]
        ],
        "meta": {
            "nf-test": "0.9.2",
            "nextflow": "25.10.0"
        },
        "timestamp": "2025-11-21T17:39:34.063423221"
    },
    "meles meles - single test": {
        "content": [
            [
                {
                    "maxReadLength": 96980,
                    "minReadLength": 0,
                    "meanReadLength": 4840,
                    "maxQuality": 60,
                    "minQuality": 0,
                    "meanQuality": 3,
                    "readCount": 16265,
                    "duplicateReadCount": 0,
                    "sorted": false
                }
            ],
            [
                "versions.yml:md5,1e0ef2d568832aca8d333501199ae77b",
                "versions.yml:md5,634e8c806cba8cca4b73c6b206f796b4",
                "versions.yml:md5,663fb1b828914274912d0ca51115378a",
                "versions.yml:md5,67afe4aba4aab8e07765f229e5964159",
                "versions.yml:md5,bb93856f33590e258c1f2c817bcf85cd",
                "versions.yml:md5,bb93856f33590e258c1f2c817bcf85cd",
                "versions.yml:md5,be4d3d855b43aa0e9e99f54298de977f"
            ]
        ],
        "meta": {
            "nf-test": "0.9.2",
            "nextflow": "25.10.0"
        },
        "timestamp": "2025-11-21T14:13:54.362353089"
    }
}