{
    "meles meles": {
        "content": [
            {
                "0": [
                    [
                        {
                            "id": "test"
                        },
                        "35528_2%231_subset.cram.1.test.bam:md5,7f1e64661ed40bdc080b733e8041a240"
                    ]
                ],
                "1": [
                    "versions.yml:md5,ec0a75d36a564c7cf287f581bc052123"
                ],
                "bam": [
                    [
                        {
                            "id": "test"
                        },
                        "35528_2%231_subset.cram.1.test.bam:md5,7f1e64661ed40bdc080b733e8041a240"
                    ]
                ],
                "versions": [
                    "versions.yml:md5,ec0a75d36a564c7cf287f581bc052123"
                ]
            }
        ],
        "meta": {
            "nf-test": "0.9.2",
            "nextflow": "25.04.2"
        },
        "timestamp": "2025-06-25T16:40:54.939577"
    },
    "meles meles - stub": {
        "content": [
            {
                "0": [
                    [
                        {
                            "id": "test"
                        },
                        "35528_2%231_subset.cram.1.test.bam:md5,d41d8cd98f00b204e9800998ecf8427e"
                    ]
                ],
                "1": [
                    "versions.yml:md5,ec0a75d36a564c7cf287f581bc052123"
                ],
                "bam": [
                    [
                        {
                            "id": "test"
                        },
                        "35528_2%231_subset.cram.1.test.bam:md5,d41d8cd98f00b204e9800998ecf8427e"
                    ]
                ],
                "versions": [
                    "versions.yml:md5,ec0a75d36a564c7cf287f581bc052123"
                ]
            }
        ],
        "meta": {
            "nf-test": "0.9.2",
            "nextflow": "25.04.2"
        },
        "timestamp": "2025-06-25T11:44:57.593662"
    }
}