{
    "meles meles - minimap2 - no markdup": {
        "content": [
            "aeeda5ffed22b0a6f7335d046f99c95c",
            [
                {
                    "HIC_MAPPING:HICCRAMALIGN_MINIMAP2ALIGN": {
                        "samtools": 1.22,
                        "minimap2": "2.30-r1287"
                    }
                },
                {
                    "HICCRAMALIGN_CHUNKS": {
                        "hiccramalign_chunks": "1.0.0"
                    }
                },
                {
                    "HIC_MAPPING:SAMTOOLS_FAIDX": {
                        "samtools": 1.22
                    }
                },
                {
                    "HIC_MAPPING:SAMTOOLS_MERGE": {
                        "samtools": 1.22
                    }
                },
                {
                    "HIC_MAPPING:MINIMAP2_INDEX": {
                        "minimap2": "2.29-r1283"
                    }
                }
            ]
        ],
        "meta": {
            "nf-test": "0.9.2",
            "nextflow": "25.04.2"
        },
        "timestamp": "2025-06-25T13:43:19.252816"
    },
    "meles meles - bwamem2 - no markdup": {
        "content": [
            "7d1eeee0a6762dd68a561558e2aa63a2",
            [
                {
                    "HICCRAMALIGN_CHUNKS": {
                        "hiccramalign_chunks": "1.0.0"
                    }
                },
                {
                    "HIC_MAPPING:BWAMEM2_INDEX": {
                        "bwamem2": "2.2.1"
                    }
                },
                {
                    "HIC_MAPPING:SAMTOOLS_FAIDX": {
                        "samtools": 1.22
                    }
                },
                {
                    "HIC_MAPPING:HICCRAMALIGN_BWAMEM2ALIGN": {
                        "samtools": 1.22,
                        "bwamem2": "2.2.1"
                    }
                },
                {
                    "HIC_MAPPING:SAMTOOLS_MERGE": {
                        "samtools": 1.22
                    }
                }
            ]
        ],
        "meta": {
            "nf-test": "0.9.2",
            "nextflow": "25.04.2"
        },
        "timestamp": "2025-06-25T13:35:52.528643"
    },
    "meles meles - minimap2 - markdup": {
        "content": [
            "aeeda5ffed22b0a6f7335d046f99c95c",
            [
                {
                    "HIC_MAPPING:HICCRAMALIGN_MINIMAP2ALIGN": {
                        "samtools": 1.22,
                        "minimap2": "2.30-r1287"
                    }
                },
                {
                    "HICCRAMALIGN_CHUNKS": {
                        "hiccramalign_chunks": "1.0.0"
                    }
                },
                {
                    "HIC_MAPPING:SAMTOOLS_FAIDX": {
                        "samtools": 1.22
                    }
                },
                {
                    "HIC_MAPPING:SAMTOOLS_MERGE": {
                        "samtools": 1.22
                    }
                },
                {
                    "HIC_MAPPING:SAMTOOLS_MARKDUP": {
                        "samtools": 1.22
                    }
                },
                {
                    "HIC_MAPPING:MINIMAP2_INDEX": {
                        "minimap2": "2.29-r1283"
                    }
                }
            ]
        ],
        "meta": {
            "nf-test": "0.9.2",
            "nextflow": "25.04.2"
        },
        "timestamp": "2025-06-25T13:42:33.209224"
    },
    "meles meles - bwamem2 - markdup": {
        "content": [
            "7d1eeee0a6762dd68a561558e2aa63a2",
            [
                {
                    "HICCRAMALIGN_CHUNKS": {
                        "hiccramalign_chunks": "1.0.0"
                    }
                },
                {
                    "HIC_MAPPING:BWAMEM2_INDEX": {
                        "bwamem2": "2.2.1"
                    }
                },
                {
                    "HIC_MAPPING:SAMTOOLS_FAIDX": {
                        "samtools": 1.22
                    }
                },
                {
                    "HIC_MAPPING:HICCRAMALIGN_BWAMEM2ALIGN": {
                        "samtools": 1.22,
                        "bwamem2": "2.2.1"
                    }
                },
                {
                    "HIC_MAPPING:SAMTOOLS_MERGE": {
                        "samtools": 1.22
                    }
                },
                {
                    "HIC_MAPPING:SAMTOOLS_MARKDUP": {
                        "samtools": 1.22
                    }
                }
            ]
        ],
        "meta": {
            "nf-test": "0.9.2",
            "nextflow": "25.04.2"
        },
        "timestamp": "2025-06-25T13:35:01.508668"
    }
}